Archive member included to satisfy reference by file (symbol)

/mnt/c/SJSU-Dev2/library/static_libraries/lpc40xx/liblpc40xx.a(exceptions.cpp.o)
                              (ArmResetHandler)
/mnt/c/SJSU-Dev2/library/static_libraries/lpc40xx/libfreertos.a(event_groups.c.o)
                              build/lpc40xx/compiled//mnt/c/SJSU-Dev2/library/L3_Application/task_scheduler.cpp.o (xEventGroupCreateStatic)
/mnt/c/SJSU-Dev2/library/static_libraries/lpc40xx/libfreertos.a(list.c.o)
                              /mnt/c/SJSU-Dev2/library/static_libraries/lpc40xx/libfreertos.a(event_groups.c.o) (vListInitialise)
/mnt/c/SJSU-Dev2/library/static_libraries/lpc40xx/libfreertos.a(tasks.c.o)
                              build/lpc40xx/compiled//mnt/c/SJSU-Dev2/library/L3_Application/task_scheduler.cpp.o (xTaskCreateStatic)
/mnt/c/SJSU-Dev2/library/static_libraries/lpc40xx/libfreertos.a(heap_3.c.o)
                              /mnt/c/SJSU-Dev2/library/static_libraries/lpc40xx/libfreertos.a(event_groups.c.o) (pvPortMalloc)
/mnt/c/SJSU-Dev2/library/static_libraries/lpc40xx/libnewlib.a(newlib.cpp.o)
                              build/lpc40xx/compiled//mnt/c/SJSU-Dev2/library/L3_Application/task_scheduler.cpp.o (puts)
/mnt/c/SJSU-Dev2/library/static_libraries/lpc40xx/libprintf.a(printf.cpp.o)
                              build/lpc40xx/compiled/source/main.cpp.o (printf)
/mnt/c/SJSU-Dev2/library/static_libraries/lpc40xx/libsemihost.a(trace_impl.cpp.o)
                              /mnt/c/SJSU-Dev2/library/static_libraries/lpc40xx/liblpc40xx.a(exceptions.cpp.o) (trace_initialize)
/mnt/c/SJSU-Dev2/library/static_libraries/lpc40xx/liblpc40xx.a(startup.cpp.o)
                              /mnt/c/SJSU-Dev2/library/static_libraries/lpc40xx/libfreertos.a(tasks.c.o) (ThreadRuntimeCounter)
/mnt/c/SJSU-Dev2/library/static_libraries/lpc40xx/liblpc40xx.a(port.c.o)
                              /mnt/c/SJSU-Dev2/library/static_libraries/lpc40xx/libfreertos.a(tasks.c.o) (pxPortInitialiseStack)
/mnt/c/SJSU-Dev2/library/static_libraries/lpc40xx/libfreertoscommon.a(freertos_common.cpp.o)
                              /mnt/c/SJSU-Dev2/library/static_libraries/lpc40xx/libfreertos.a(tasks.c.o) (vApplicationGetIdleTaskMemory)
/mnt/c/SJSU-Dev2/library/static_libraries/lpc40xx/libfreertos.a(timers.c.o)
                              /mnt/c/SJSU-Dev2/library/static_libraries/lpc40xx/libfreertos.a(tasks.c.o) (xTimerCreateTimerTask)
/mnt/c/SJSU-Dev2/library/static_libraries/lpc40xx/libfreertos.a(queue.c.o)
                              /mnt/c/SJSU-Dev2/library/static_libraries/lpc40xx/libfreertos.a(timers.c.o) (xQueueGenericCreateStatic)
/mnt/c/SJSU-Dev2/library/static_libraries/lpc40xx/libnewlib.a(stdio.cpp.o)
                              /mnt/c/SJSU-Dev2/library/static_libraries/lpc40xx/libnewlib.a(newlib.cpp.o) (sjsu::newlib::DoNothingStdOut(char const*, unsigned int))
/mnt/c/SJSU-Dev2/tools/gcc-arm-none-eabi-9-2019-q4-major/bin/../lib/gcc/arm-none-eabi/9.2.1/../../../../arm-none-eabi/lib/thumb/v7e-m+fp/hard/libstdc++_nano.a(atexit_arm.o)
                              build/lpc40xx/compiled/source/main.cpp.o (__aeabi_atexit)
/mnt/c/SJSU-Dev2/tools/gcc-arm-none-eabi-9-2019-q4-major/bin/../lib/gcc/arm-none-eabi/9.2.1/../../../../arm-none-eabi/lib/thumb/v7e-m+fp/hard/libstdc++_nano.a(pure.o)
                              build/lpc40xx/compiled/source/main.cpp.o (__cxa_pure_virtual)
/mnt/c/SJSU-Dev2/tools/gcc-arm-none-eabi-9-2019-q4-major/bin/../lib/gcc/arm-none-eabi/9.2.1/../../../../arm-none-eabi/lib/thumb/v7e-m+fp/hard/libstdc++_nano.a(functional.o)
                              build/lpc40xx/compiled/source/main.cpp.o (std::__throw_bad_function_call())
/mnt/c/SJSU-Dev2/tools/gcc-arm-none-eabi-9-2019-q4-major/bin/../lib/gcc/arm-none-eabi/9.2.1/../../../../arm-none-eabi/lib/thumb/v7e-m+fp/hard/libstdc++_nano.a(del_op.o)
                              /mnt/c/SJSU-Dev2/tools/gcc-arm-none-eabi-9-2019-q4-major/bin/../lib/gcc/arm-none-eabi/9.2.1/../../../../arm-none-eabi/lib/thumb/v7e-m+fp/hard/libstdc++_nano.a(functional.o) (operator delete(void*))
/mnt/c/SJSU-Dev2/tools/gcc-arm-none-eabi-9-2019-q4-major/bin/../lib/gcc/arm-none-eabi/9.2.1/../../../../arm-none-eabi/lib/thumb/v7e-m+fp/hard/libstdc++_nano.a(eh_exception.o)
                              /mnt/c/SJSU-Dev2/tools/gcc-arm-none-eabi-9-2019-q4-major/bin/../lib/gcc/arm-none-eabi/9.2.1/../../../../arm-none-eabi/lib/thumb/v7e-m+fp/hard/libstdc++_nano.a(functional.o) (std::exception::~exception())
/mnt/c/SJSU-Dev2/tools/gcc-arm-none-eabi-9-2019-q4-major/bin/../lib/gcc/arm-none-eabi/9.2.1/../../../../arm-none-eabi/lib/thumb/v7e-m+fp/hard/libstdc++_nano.a(eh_terminate.o)
                              /mnt/c/SJSU-Dev2/tools/gcc-arm-none-eabi-9-2019-q4-major/bin/../lib/gcc/arm-none-eabi/9.2.1/../../../../arm-none-eabi/lib/thumb/v7e-m+fp/hard/libstdc++_nano.a(pure.o) (std::terminate())
[...]
Memory Configuration

Name             Origin             Length             Attributes
FLASH            0x0000000000000000 0x0000000000080000 xr
SRAM             0x0000000010000000 0x0000000000010000 xrw
SRAM_AHB         0x0000000020000000 0x0000000000008000 xrw
*default*        0x0000000000000000 0xffffffffffffffff

Linker script and memory map

LOAD /mnt/c/SJSU-Dev2/tools/gcc-arm-none-eabi-9-2019-q4-major/bin/../lib/gcc/arm-none-eabi/9.2.1/thumb/v7e-m+fp/hard/crti.o
LOAD /mnt/c/SJSU-Dev2/tools/gcc-arm-none-eabi-9-2019-q4-major/bin/../lib/gcc/arm-none-eabi/9.2.1/thumb/v7e-m+fp/hard/crtbegin.o
LOAD /mnt/c/SJSU-Dev2/tools/gcc-arm-none-eabi-9-2019-q4-major/bin/../lib/gcc/arm-none-eabi/9.2.1/../../../../arm-none-eabi/lib/thumb/v7e-m+fp/hard/rdimon-crt0.o
LOAD build/lpc40xx/compiled/source/main.cpp.o
LOAD build/lpc40xx/compiled//mnt/c/SJSU-Dev2/library/L3_Application/task_scheduler.cpp.o
LOAD build/lpc40xx/compiled/libsjsudev2.a
LOAD /mnt/c/SJSU-Dev2/tools/gcc-arm-none-eabi-9-2019-q4-major/bin/../lib/gcc/arm-none-eabi/9.2.1/../../../../arm-none-eabi/lib/thumb/v7e-m+fp/hard/libstdc++_nano.a
LOAD /mnt/c/SJSU-Dev2/tools/gcc-arm-none-eabi-9-2019-q4-major/bin/../lib/gcc/arm-none-eabi/9.2.1/../../../../arm-none-eabi/lib/thumb/v7e-m+fp/hard/libm.a
START GROUP
LOAD /mnt/c/SJSU-Dev2/tools/gcc-arm-none-eabi-9-2019-q4-major/bin/../lib/gcc/arm-none-eabi/9.2.1/thumb/v7e-m+fp/hard/libgcc.a
LOAD /mnt/c/SJSU-Dev2/tools/gcc-arm-none-eabi-9-2019-q4-major/bin/../lib/gcc/arm-none-eabi/9.2.1/../../../../arm-none-eabi/lib/thumb/v7e-m+fp/hard/libg_nano.a
LOAD /mnt/c/SJSU-Dev2/tools/gcc-arm-none-eabi-9-2019-q4-major/bin/../lib/gcc/arm-none-eabi/9.2.1/../../../../arm-none-eabi/lib/thumb/v7e-m+fp/hard/libc_nano.a
END GROUP
START GROUP
LOAD /mnt/c/SJSU-Dev2/tools/gcc-arm-none-eabi-9-2019-q4-major/bin/../lib/gcc/arm-none-eabi/9.2.1/thumb/v7e-m+fp/hard/libgcc.a
LOAD /mnt/c/SJSU-Dev2/tools/gcc-arm-none-eabi-9-2019-q4-major/bin/../lib/gcc/arm-none-eabi/9.2.1/../../../../arm-none-eabi/lib/thumb/v7e-m+fp/hard/libc_nano.a
LOAD /mnt/c/SJSU-Dev2/tools/gcc-arm-none-eabi-9-2019-q4-major/bin/../lib/gcc/arm-none-eabi/9.2.1/../../../../arm-none-eabi/lib/thumb/v7e-m+fp/hard/librdimon_nano.a
END GROUP
START GROUP
LOAD /mnt/c/SJSU-Dev2/tools/gcc-arm-none-eabi-9-2019-q4-major/bin/../lib/gcc/arm-none-eabi/9.2.1/thumb/v7e-m+fp/hard/libgcc.a
LOAD /mnt/c/SJSU-Dev2/tools/gcc-arm-none-eabi-9-2019-q4-major/bin/../lib/gcc/arm-none-eabi/9.2.1/../../../../arm-none-eabi/lib/thumb/v7e-m+fp/hard/libc_nano.a
LOAD /mnt/c/SJSU-Dev2/tools/gcc-arm-none-eabi-9-2019-q4-major/bin/../lib/gcc/arm-none-eabi/9.2.1/../../../../arm-none-eabi/lib/thumb/v7e-m+fp/hard/librdimon_nano.a
END GROUP
LOAD /mnt/c/SJSU-Dev2/tools/gcc-arm-none-eabi-9-2019-q4-major/bin/../lib/gcc/arm-none-eabi/9.2.1/thumb/v7e-m+fp/hard/crtend.o
LOAD /mnt/c/SJSU-Dev2/tools/gcc-arm-none-eabi-9-2019-q4-major/bin/../lib/gcc/arm-none-eabi/9.2.1/thumb/v7e-m+fp/hard/crtn.o
                0x0000000000000000                __base_FLASH = 0x0
                0x0000000000000000                __base_Flash = 0x0
                0x0000000000080000                __top_FLASH = 0x80000
                0x0000000000080000                __top_Flash = 0x80000
                0x0000000010000000                __base_SRAM = 0x10000000
                0x0000000010000000                __base_RAM = 0x10000000
                0x0000000010010000                __top_SRAM = 0x10010000
                0x0000000010010000                __top_RAM = 0x10010000
                0x0000000020000000                __base_SRAM_AHB = 0x20000000
                0x0000000020000000                __base_RAM2 = 0x20000000
                0x0000000020008000                __top_SRAM_AHB = 0x20008000
                0x0000000020008000                __top_RAM2 = 0x20008000
                0x0000000020000000                __user_heap_base = __base_RAM2

.text           0x0000000000000000     0x958c
 FILL mask 0xff
                0x0000000000000000                __vectors_start__ = ABSOLUTE (.)
 *(.isr_vector)
 .isr_vector    0x0000000000000000       0xe4 /mnt/c/SJSU-Dev2/library/static_libraries/lpc40xx/liblpc40xx.a(startup.cpp.o)
                0x00000000000000e4                . = ALIGN (0x4)
                0x00000000000000e4                section_table_start = .
                0x00000000000000e4                data_section_table = .
                0x00000000000000e4        0x4 LONG 0x965c LOADADDR (.data)
                0x00000000000000e8        0x4 LONG 0x10000000 ADDR (.data)
                0x00000000000000ec        0x4 LONG 0xf8 SIZEOF (.data)
                0x00000000000000f0        0x4 LONG 0x965c LOADADDR (.data_RAM2)
                0x00000000000000f4        0x4 LONG 0x20000000 ADDR (.data_RAM2)
                0x00000000000000f8        0x4 LONG 0x0 SIZEOF (.data_RAM2)
                0x00000000000000fc                data_section_table_end = .
                0x00000000000000fc                bss_section_table = .
                0x00000000000000fc        0x4 LONG 0x100000f8 ADDR (.bss)
                0x0000000000000100        0x4 LONG 0xae0 SIZEOF (.bss)
                0x0000000000000104        0x4 LONG 0x20000000 ADDR (.bss_RAM2)
                0x0000000000000108        0x4 LONG 0x0 SIZEOF (.bss_RAM2)
                0x000000000000010c                bss_section_table_end = .
                0x000000000000010c                section_table_end = .
 *(.after_vectors*)
                0x00000000000002fc                . = 0x2fc
 *fill*         0x000000000000010c      0x1f0 ff
                0x00000000000002fc                PROVIDE (__CRP_WORD_START__ = .)
 *(.crp)
 .crp           0x00000000000002fc        0x4 /mnt/c/SJSU-Dev2/library/static_libraries/lpc40xx/liblpc40xx.a(startup.cpp.o)
                0x0000000000000300                PROVIDE (__CRP_WORD_END__ = .)
                0x0000000000000001                ASSERT (! ((__CRP_WORD_START__ == __CRP_WORD_END__)), Linker CRP Enabled, but no CRP_WORD provided within application)
                0x0000000000000300                . = ALIGN (0x4)
 *(.init)
 .init          0x0000000000000300        0x4 /mnt/c/SJSU-Dev2/tools/gcc-arm-none-eabi-9-2019-q4-major/bin/../lib/gcc/arm-none-eabi/9.2.1/thumb/v7e-m+fp/hard/crti.o
                0x0000000000000300                _init
 .init          0x0000000000000304        0x8 /mnt/c/SJSU-Dev2/tools/gcc-arm-none-eabi-9-2019-q4-major/bin/../lib/gcc/arm-none-eabi/9.2.1/thumb/v7e-m+fp/hard/crtn.o
                0x000000000000030c                . = ALIGN (0x4)
                0x000000000000030c                __preinit_array_start = .
 *(.preinit_array)
                0x000000000000030c                __preinit_array_end = .
                0x000000000000030c                . = ALIGN (0x4)
                0x000000000000030c                __init_array_start = .
 *(SORT_BY_NAME(.init_array.*))
 *(.init_array)
 .init_array    0x000000000000030c        0x4 /mnt/c/SJSU-Dev2/tools/gcc-arm-none-eabi-9-2019-q4-major/bin/../lib/gcc/arm-none-eabi/9.2.1/thumb/v7e-m+fp/hard/crtbegin.o
 .init_array    0x0000000000000310        0x4 build/lpc40xx/compiled/source/main.cpp.o
 .init_array    0x0000000000000314        0x4 build/lpc40xx/compiled//mnt/c/SJSU-Dev2/library/L3_Application/task_scheduler.cpp.o
 .init_array    0x0000000000000318        0x4 /mnt/c/SJSU-Dev2/library/static_libraries/lpc40xx/liblpc40xx.a(exceptions.cpp.o)
 .init_array    0x000000000000031c        0x4 /mnt/c/SJSU-Dev2/library/static_libraries/lpc40xx/liblpc40xx.a(startup.cpp.o)
                0x0000000000000320                __init_array_end = .
 *(.fini)
 .fini          0x0000000000000320        0x4 /mnt/c/SJSU-Dev2/tools/gcc-arm-none-eabi-9-2019-q4-major/bin/../lib/gcc/arm-none-eabi/9.2.1/thumb/v7e-m+fp/hard/crti.o
                0x0000000000000320                _fini
 .fini          0x0000000000000324        0x8 /mnt/c/SJSU-Dev2/tools/gcc-arm-none-eabi-9-2019-q4-major/bin/../lib/gcc/arm-none-eabi/9.2.1/thumb/v7e-m+fp/hard/crtn.o
                0x000000000000032c                . = ALIGN (0x4)
 *crtbegin.o(.ctors)
 *(EXCLUDE_FILE(*crtend.o) .ctors)
 *(SORT_BY_NAME(.ctors.*))
 *crtend.o(.ctors)
                0x000000000000032c                . = ALIGN (0x4)
 *crtbegin.o(.dtors)
 *(EXCLUDE_FILE(*crtend.o) .dtors)
 *(SORT_BY_NAME(.dtors.*))
 *crtend.o(.dtors)
 *(.text*)
 .text          0x000000000000032c       0x40 /mnt/c/SJSU-Dev2/tools/gcc-arm-none-eabi-9-2019-q4-major/bin/../lib/gcc/arm-none-eabi/9.2.1/thumb/v7e-m+fp/hard/crtbegin.o
 .text._ZnwjPv  0x000000000000036c       0x18 build/lpc40xx/compiled/source/main.cpp.o
                0x000000000000036c                operator new(unsigned int, void*)
 .text._ZNSt14numeric_limitsIxE3maxEv
                0x0000000000000384       0x18 build/lpc40xx/compiled/source/main.cpp.o
                0x0000000000000384                std::numeric_limits<long long>::max()
 .text._ZNSt9_Any_data9_M_accessEv
                0x000000000000039c       0x16 build/lpc40xx/compiled/source/main.cpp.o
                0x000000000000039c                std::_Any_data::_M_access()
 .text._ZNKSt9_Any_data9_M_accessEv
                0x00000000000003b2       0x16 build/lpc40xx/compiled/source/main.cpp.o
                0x00000000000003b2                std::_Any_data::_M_access() const
 .text._ZNSt14_Function_baseC2Ev
                0x00000000000003c8       0x1c build/lpc40xx/compiled/source/main.cpp.o
                0x00000000000003c8                std::_Function_base::_Function_base()
                0x00000000000003c8                std::_Function_base::_Function_base()
 .text._ZNSt14_Function_baseD2Ev
                0x00000000000003e4       0x26 build/lpc40xx/compiled/source/main.cpp.o
                0x00000000000003e4                std::_Function_base::~_Function_base()
                0x00000000000003e4                std::_Function_base::~_Function_base()
 .text._ZNKSt14_Function_base8_M_emptyEv
                0x000000000000040a       0x22 build/lpc40xx/compiled/source/main.cpp.o
                0x000000000000040a                std::_Function_base::_M_empty() const
 .text._ZN4sjsu19InterruptController21GetPlatformControllerEv
                0x000000000000042c       0x18 build/lpc40xx/compiled/source/main.cpp.o
                0x000000000000042c                sjsu::InterruptController::GetPlatformController()
 .text._ZN4sjsu3PinC2Ehh
                0x0000000000000444       0x34 build/lpc40xx/compiled/source/main.cpp.o
                0x0000000000000444                sjsu::Pin::Pin(unsigned char, unsigned char)
                0x0000000000000444                sjsu::Pin::Pin(unsigned char, unsigned char)
 .text._ZNK4sjsu3Pin7GetPortEv
                0x0000000000000478       0x18 build/lpc40xx/compiled/source/main.cpp.o
                0x0000000000000478                sjsu::Pin::GetPort() const
 .text._ZNK4sjsu3Pin6GetPinEv
                0x0000000000000490       0x18 build/lpc40xx/compiled/source/main.cpp.o
                0x0000000000000490                sjsu::Pin::GetPin() const
 .text._ZN4sjsu7lpc40xx3PinC2Ehh
                0x00000000000004a8       0x30 build/lpc40xx/compiled/source/main.cpp.o
                0x00000000000004a8                sjsu::lpc40xx::Pin::Pin(unsigned char, unsigned char)
                0x00000000000004a8                sjsu::lpc40xx::Pin::Pin(unsigned char, unsigned char)
 .text._ZNK4sjsu7lpc40xx3Pin10InitializeEv
                0x00000000000004d8       0x14 build/lpc40xx/compiled/source/main.cpp.o
                0x00000000000004d8                sjsu::lpc40xx::Pin::Initialize() const
 .text._ZNK4sjsu7lpc40xx3Pin14SetPinFunctionEh
                0x00000000000004ec       0x34 build/lpc40xx/compiled/source/main.cpp.o
                0x00000000000004ec                sjsu::lpc40xx::Pin::SetPinFunction(unsigned char) const
 .text._ZNK4sjsu7lpc40xx3Pin7SetPullENS_3Pin8ResistorE
                0x0000000000000520       0x34 build/lpc40xx/compiled/source/main.cpp.o
                0x0000000000000520                sjsu::lpc40xx::Pin::SetPull(sjsu::Pin::Resistor) const
 .text._ZNK4sjsu7lpc40xx3Pin15SetAsAnalogModeEb
                0x0000000000000554       0x3c build/lpc40xx/compiled/source/main.cpp.o
                0x0000000000000554                sjsu::lpc40xx::Pin::SetAsAnalogMode(bool) const
 .text._ZNK4sjsu7lpc40xx3Pin14SetAsOpenDrainEb
                0x0000000000000590       0x34 build/lpc40xx/compiled/source/main.cpp.o
                0x0000000000000590                sjsu::lpc40xx::Pin::SetAsOpenDrain(bool) const
 .text._ZNK4sjsu7lpc40xx3Pin14SetPinRegisterEhNS_3bit4MaskE
                0x00000000000005c4       0x7c build/lpc40xx/compiled/source/main.cpp.o
                0x00000000000005c4                sjsu::lpc40xx::Pin::SetPinRegister(unsigned char, sjsu::bit::Mask) const
 .text._ZNK4sjsu4Gpio7SetHighEv
                0x0000000000000640       0x1e build/lpc40xx/compiled/source/main.cpp.o
                0x0000000000000640                sjsu::Gpio::SetHigh() const
 .text._ZNK4sjsu4Gpio6SetLowEv
                0x000000000000065e       0x1e build/lpc40xx/compiled/source/main.cpp.o
                0x000000000000065e                sjsu::Gpio::SetLow() const
 .text._ZNK4sjsu4Gpio10SetAsInputEv
                0x000000000000067c       0x1c build/lpc40xx/compiled/source/main.cpp.o
                0x000000000000067c                sjsu::Gpio::SetAsInput() const
 .text._ZNK4sjsu4Gpio11SetAsOutputEv
                0x0000000000000698       0x1c build/lpc40xx/compiled/source/main.cpp.o
                0x0000000000000698                sjsu::Gpio::SetAsOutput() const
 .text._ZNKSt6chrono8durationIxSt5ratioILx1ELx1000000000EEE5countEv
                0x00000000000006b4       0x1c build/lpc40xx/compiled/source/main.cpp.o
                0x00000000000006b4                std::chrono::duration<long long, std::ratio<1ll, 1000000000ll> >::count() const
 .text._ZNSt6chronoltIxSt5ratioILx1ELx1000000000EExS2_EEbRKNS_8durationIT_T0_EERKNS3_IT1_T2_EE
                0x00000000000006d0       0x50 build/lpc40xx/compiled/source/main.cpp.o
                0x00000000000006d0                bool std::chrono::operator< <long long, std::ratio<1ll, 1000000000ll>, long long, std::ratio<1ll, 1000000000ll> >(std::chrono::duration<long long, std::ratio<1ll, 1000000000ll> > const&, std::chrono::duration<long long, std::ratio<1ll, 1000000000ll> > const&)
 .text._ZNSt6chrono8durationIxSt5ratioILx1ELx1000000000EEEC1IxvEERKT_
                0x0000000000000720       0x24 build/lpc40xx/compiled/source/main.cpp.o
                0x0000000000000720                std::chrono::duration<long long, std::ratio<1ll, 1000000000ll> >::duration<long long, void>(long long const&)
 .text._ZNSt6chrono8durationIxSt5ratioILx1ELx1000EEEC1IxvEERKT_
                0x0000000000000744       0x24 build/lpc40xx/compiled/source/main.cpp.o
                0x0000000000000744                std::chrono::duration<long long, std::ratio<1ll, 1000ll> >::duration<long long, void>(long long const&)
 .text._ZNSt8literals15chrono_literalsli2nsIJLc48EEEENSt6chrono8durationIxSt5ratioILx1ELx1000000000EEEEv
                0x0000000000000768       0x1a build/lpc40xx/compiled/source/main.cpp.o
                0x0000000000000768                std::chrono::duration<long long, std::ratio<1ll, 1000000000ll> > std::literals::chrono_literals::operator"" ns<(char)48>()
 .text._ZNSt8literals15chrono_literals16__check_overflowINSt6chrono8durationIxSt5ratioILx1ELx1000000000EEEEJLc48EEEET_v
                0x0000000000000782       0x28 build/lpc40xx/compiled/source/main.cpp.o
                0x0000000000000782                std::chrono::duration<long long, std::ratio<1ll, 1000000000ll> > std::literals::chrono_literals::__check_overflow<std::chrono::duration<long long, std::ratio<1ll, 1000000000ll> >, (char)48>()
 .text._ZNSt6chrono8durationIxSt5ratioILx1ELx1000000000EEEpLERKS3_
                0x00000000000007aa       0x2c build/lpc40xx/compiled/source/main.cpp.o
                0x00000000000007aa                std::chrono::duration<long long, std::ratio<1ll, 1000000000ll> >::operator+=(std::chrono::duration<long long, std::ratio<1ll, 1000000000ll> > const&)
 *fill*         0x00000000000007d6        0x2 ff
 .text._ZN4sjsu13DefaultUptimeEv
                0x00000000000007d8       0x48 build/lpc40xx/compiled/source/main.cpp.o
                0x00000000000007d8                sjsu::DefaultUptime()
 .text._ZNSt8functionIFNSt6chrono8durationIxSt5ratioILx1ELx1000000000EEEEvEED2Ev
                0x0000000000000820       0x1a build/lpc40xx/compiled/source/main.cpp.o
                0x0000000000000820                std::function<std::chrono::duration<long long, std::ratio<1ll, 1000000000ll> > ()>::~function()
                0x0000000000000820                std::function<std::chrono::duration<long long, std::ratio<1ll, 1000000000ll> > ()>::~function()
 *fill*         0x000000000000083a        0x2 ff
 .text._ZN4sjsu4WaitENSt6chrono8durationIxSt5ratioILx1ELx1000000000EEEESt8functionIFbvEE
                0x000000000000083c       0xc4 build/lpc40xx/compiled/source/main.cpp.o
                0x000000000000083c                sjsu::Wait(std::chrono::duration<long long, std::ratio<1ll, 1000000000ll> >, std::function<bool ()>)
 .text._ZZN4sjsu4WaitENSt6chrono8durationIxSt5ratioILx1ELx1000000000EEEEENKUlvE_clEv
                0x0000000000000900       0x16 build/lpc40xx/compiled/source/main.cpp.o
                0x0000000000000900                sjsu::Wait(std::chrono::duration<long long, std::ratio<1ll, 1000000000ll> >)::{lambda()#1}::operator()() const
 .text._ZNSt8functionIFbvEED2Ev
                0x0000000000000916       0x1a build/lpc40xx/compiled/source/main.cpp.o
                0x0000000000000916                std::function<bool ()>::~function()
                0x0000000000000916                std::function<bool ()>::~function()
 .text._ZN4sjsu4WaitENSt6chrono8durationIxSt5ratioILx1ELx1000000000EEEE
                0x0000000000000930       0x3a build/lpc40xx/compiled/source/main.cpp.o
                0x0000000000000930                sjsu::Wait(std::chrono::duration<long long, std::ratio<1ll, 1000000000ll> >)
 .text._ZN4sjsu5DelayENSt6chrono8durationIxSt5ratioILx1ELx1000000000EEEE
                0x000000000000096a       0x1a build/lpc40xx/compiled/source/main.cpp.o
                0x000000000000096a                sjsu::Delay(std::chrono::duration<long long, std::ratio<1ll, 1000000000ll> >)
 .text._ZN4sjsu4GpioC2Ev
                0x0000000000000984       0x20 build/lpc40xx/compiled/source/main.cpp.o
                0x0000000000000984                sjsu::Gpio::Gpio()
                0x0000000000000984                sjsu::Gpio::Gpio()
 .text._ZN4sjsu7lpc17xx3PinC2Ehh
                0x00000000000009a4       0x40 build/lpc40xx/compiled/source/main.cpp.o
                0x00000000000009a4                sjsu::lpc17xx::Pin::Pin(unsigned char, unsigned char)
                0x00000000000009a4                sjsu::lpc17xx::Pin::Pin(unsigned char, unsigned char)
 .text._ZNK4sjsu7lpc17xx3Pin10InitializeEv
                0x00000000000009e4       0x14 build/lpc40xx/compiled/source/main.cpp.o
                0x00000000000009e4                sjsu::lpc17xx::Pin::Initialize() const
 .text._ZNK4sjsu7lpc17xx3Pin14SetPinFunctionEh
                0x00000000000009f8       0x48 build/lpc40xx/compiled/source/main.cpp.o
                0x00000000000009f8                sjsu::lpc17xx::Pin::SetPinFunction(unsigned char) const
 .text._ZN4sjsu5ValueINS_3Pin8ResistorEEEDaT_
                0x0000000000000a40       0x18 build/lpc40xx/compiled/source/main.cpp.o
                0x0000000000000a40                auto sjsu::Value<sjsu::Pin::Resistor>(sjsu::Pin::Resistor)
 .text._ZNK4sjsu7lpc17xx3Pin7SetPullENS_3Pin8ResistorE
                0x0000000000000a58       0x5c build/lpc40xx/compiled/source/main.cpp.o
                0x0000000000000a58                sjsu::lpc17xx::Pin::SetPull(sjsu::Pin::Resistor) const
 .text._ZNK4sjsu7lpc17xx3Pin15SetAsAnalogModeEb
                0x0000000000000ab4       0x2c build/lpc40xx/compiled/source/main.cpp.o
                0x0000000000000ab4                sjsu::lpc17xx::Pin::SetAsAnalogMode(bool) const
 .text._ZNK4sjsu7lpc17xx3Pin14SetAsOpenDrainEb
                0x0000000000000ae0       0x48 build/lpc40xx/compiled/source/main.cpp.o
                0x0000000000000ae0                sjsu::lpc17xx::Pin::SetAsOpenDrain(bool) const
 .text._ZN4sjsu7lpc17xx3Pin14GetPinsBitmaskEh
                0x0000000000000b28       0x36 build/lpc40xx/compiled/source/main.cpp.o
                0x0000000000000b28                sjsu::lpc17xx::Pin::GetPinsBitmask(unsigned char)
 .text._ZNK4sjsu7lpc17xx3Pin17PinRegisterLookupEv
                0x0000000000000b5e       0x30 build/lpc40xx/compiled/source/main.cpp.o
                0x0000000000000b5e                sjsu::lpc17xx::Pin::PinRegisterLookup() const
 *fill*         0x0000000000000b8e        0x2 ff
 .text._ZN4sjsu7lpc40xx4Gpio12GpioRegisterEi
                0x0000000000000b90       0x74 build/lpc40xx/compiled/source/main.cpp.o
                0x0000000000000b90                sjsu::lpc40xx::Gpio::GpioRegister(int)
 .text._ZN4sjsu7lpc40xx4Gpio17InterruptRegisterEi
                0x0000000000000c04       0x80 build/lpc40xx/compiled/source/main.cpp.o
                0x0000000000000c04                sjsu::lpc40xx::Gpio::InterruptRegister(int)
 .text._ZN4sjsu7lpc40xx4Gpio15InterruptStatusEv
                0x0000000000000c84       0x14 build/lpc40xx/compiled/source/main.cpp.o
                0x0000000000000c84                sjsu::lpc40xx::Gpio::InterruptStatus()
 .text._ZN4sjsu7lpc40xx4Gpio16InterruptHandlerEv
                0x0000000000000c98       0x70 build/lpc40xx/compiled/source/main.cpp.o
                0x0000000000000c98                sjsu::lpc40xx::Gpio::InterruptHandler()
 .text._ZN4sjsu7lpc40xx4GpioC2EhhPNS_3PinE
                0x0000000000000d08       0xac build/lpc40xx/compiled/source/main.cpp.o
                0x0000000000000d08                sjsu::lpc40xx::Gpio::Gpio(unsigned char, unsigned char, sjsu::Pin*)
                0x0000000000000d08                sjsu::lpc40xx::Gpio::Gpio(unsigned char, unsigned char, sjsu::Pin*)
 .text._ZNK4sjsu7lpc40xx4Gpio12SetDirectionENS_4Gpio9DirectionE
                0x0000000000000db4       0x68 build/lpc40xx/compiled/source/main.cpp.o
                0x0000000000000db4                sjsu::lpc40xx::Gpio::SetDirection(sjsu::Gpio::Direction) const
 .text._ZNK4sjsu7lpc40xx4Gpio3SetENS_4Gpio5StateE
                0x0000000000000e1c       0x44 build/lpc40xx/compiled/source/main.cpp.o
                0x0000000000000e1c                sjsu::lpc40xx::Gpio::Set(sjsu::Gpio::State) const
 .text._ZNK4sjsu7lpc40xx4Gpio6ToggleEv
                0x0000000000000e60       0x2e build/lpc40xx/compiled/source/main.cpp.o
                0x0000000000000e60                sjsu::lpc40xx::Gpio::Toggle() const
 .text._ZNK4sjsu7lpc40xx4Gpio4ReadEv
                0x0000000000000e8e       0x24 build/lpc40xx/compiled/source/main.cpp.o
                0x0000000000000e8e                sjsu::lpc40xx::Gpio::Read() const
 .text._ZNK4sjsu7lpc40xx4Gpio6GetPinEv
                0x0000000000000eb2       0x18 build/lpc40xx/compiled/source/main.cpp.o
                0x0000000000000eb2                sjsu::lpc40xx::Gpio::GetPin() const
 .text._ZNSt8functionIFvvEED2Ev
                0x0000000000000eca       0x1a build/lpc40xx/compiled/source/main.cpp.o
                0x0000000000000eca                std::function<void ()>::~function()
                0x0000000000000eca                std::function<void ()>::~function()
 .text._ZN4sjsu19InterruptController18RegistrationInfo_tD2Ev
                0x0000000000000ee4       0x1c build/lpc40xx/compiled/source/main.cpp.o
                0x0000000000000ee4                sjsu::InterruptController::RegistrationInfo_t::~RegistrationInfo_t()
                0x0000000000000ee4                sjsu::InterruptController::RegistrationInfo_t::~RegistrationInfo_t()
 .text._ZN4sjsu7lpc40xx4Gpio15AttachInterruptESt8functionIFvvEENS_4Gpio4EdgeE
                0x0000000000000f00       0xdc build/lpc40xx/compiled/source/main.cpp.o
                0x0000000000000f00                sjsu::lpc40xx::Gpio::AttachInterrupt(std::function<void ()>, sjsu::Gpio::Edge)
 .text._ZNK4sjsu7lpc40xx4Gpio15DetachInterruptEv
                0x0000000000000fdc       0x84 build/lpc40xx/compiled/source/main.cpp.o
                0x0000000000000fdc                sjsu::lpc40xx::Gpio::DetachInterrupt() const
 .text._ZNK4sjsu7lpc40xx4Gpio12IsAValidPortEv
                0x0000000000001060       0x48 build/lpc40xx/compiled/source/main.cpp.o
                0x0000000000001060                sjsu::lpc40xx::Gpio::IsAValidPort() const
 .text._ZNK4sjsu7lpc40xx4Gpio22LocalInterruptRegisterEv
                0x00000000000010a8       0x1c build/lpc40xx/compiled/source/main.cpp.o
                0x00000000000010a8                sjsu::lpc40xx::Gpio::LocalInterruptRegister() const
 .text._ZN3Bus10InitializeEv
                0x00000000000010c4      0x1a0 build/lpc40xx/compiled/source/main.cpp.o
                0x00000000000010c4                Bus::Initialize()
 .text._ZN3Bus7IOWriteEhh
                0x0000000000001264      0x106 build/lpc40xx/compiled/source/main.cpp.o
                0x0000000000001264                Bus::IOWrite(unsigned char, unsigned char)
 .text._ZN3Bus6IOReadEh
                0x000000000000136a      0x14c build/lpc40xx/compiled/source/main.cpp.o
                0x000000000000136a                Bus::IORead(unsigned char)
 .text._ZN3BusC2Ev
                0x00000000000014b6       0xee build/lpc40xx/compiled/source/main.cpp.o
                0x00000000000014b6                Bus::Bus()
                0x00000000000014b6                Bus::Bus()
 .text.main     0x00000000000015a4       0xc8 build/lpc40xx/compiled/source/main.cpp.o
                0x00000000000015a4                main
 .text._Z18keyboard_interruptv
                0x000000000000166c      0x424 build/lpc40xx/compiled/source/main.cpp.o
                0x000000000000166c                keyboard_interrupt()
 .text._ZN4sjsu3bit6InsertImhEET_S2_T0_NS0_4MaskE
                0x0000000000001a90       0x26 build/lpc40xx/compiled/source/main.cpp.o
                0x0000000000001a90                unsigned long sjsu::bit::Insert<unsigned long, unsigned char>(unsigned long, unsigned char, sjsu::bit::Mask)
 .text._ZNSt8literals15chrono_literalsli2usIJLc49EEEENSt6chrono8durationIxSt5ratioILx1ELx1000000EEEEv
                0x0000000000001ab6       0x1a build/lpc40xx/compiled/source/main.cpp.o
                0x0000000000001ab6                std::chrono::duration<long long, std::ratio<1ll, 1000000ll> > std::literals::chrono_literals::operator"" us<(char)49>()
 .text._ZNSt6chrono8durationIxSt5ratioILx1ELx1000000000EEEC2IxS1_ILx1ELx1000000EEvEERKNS0_IT_T0_EE
                0x0000000000001ad0       0x34 build/lpc40xx/compiled/source/main.cpp.o
                0x0000000000001ad0                std::chrono::duration<long long, std::ratio<1ll, 1000000000ll> >::duration<long long, std::ratio<1ll, 1000000ll>, void>(std::chrono::duration<long long, std::ratio<1ll, 1000000ll> > const&)
                0x0000000000001ad0                std::chrono::duration<long long, std::ratio<1ll, 1000000000ll> >::duration<long long, std::ratio<1ll, 1000000ll>, void>(std::chrono::duration<long long, std::ratio<1ll, 1000000ll> > const&)
 .text._ZNSt8functionIFNSt6chrono8durationIxSt5ratioILx1ELx1000000000EEEEvEEC2IPS5_vvEET_
                0x0000000000001b04       0x54 build/lpc40xx/compiled/source/main.cpp.o
                0x0000000000001b04                std::function<std::chrono::duration<long long, std::ratio<1ll, 1000000000ll> > ()>::function<std::chrono::duration<long long, std::ratio<1ll, 1000000000ll> > (*)(), void, void>(std::chrono::duration<long long, std::ratio<1ll, 1000000000ll> > (*)())
                0x0000000000001b04                std::function<std::chrono::duration<long long, std::ratio<1ll, 1000000000ll> > ()>::function<std::chrono::duration<long long, std::ratio<1ll, 1000000000ll> > (*)(), void, void>(std::chrono::duration<long long, std::ratio<1ll, 1000000000ll> > (*)())
 .text._ZNSt6chrono8durationIxSt5ratioILx1ELx1000000000EEE3maxEv
                0x0000000000001b58       0x28 build/lpc40xx/compiled/source/main.cpp.o
                0x0000000000001b58                std::chrono::duration<long long, std::ratio<1ll, 1000000000ll> >::max()
 .text._ZNSt6chronoeqIxSt5ratioILx1ELx1000000000EExS2_EEbRKNS_8durationIT_T0_EERKNS3_IT1_T2_EE
                0x0000000000001b80       0x4e build/lpc40xx/compiled/source/main.cpp.o
                0x0000000000001b80                bool std::chrono::operator==<long long, std::ratio<1ll, 1000000000ll>, long long, std::ratio<1ll, 1000000000ll> >(std::chrono::duration<long long, std::ratio<1ll, 1000000000ll> > const&, std::chrono::duration<long long, std::ratio<1ll, 1000000000ll> > const&)
 .text._ZNKSt8functionIFNSt6chrono8durationIxSt5ratioILx1ELx1000000000EEEEvEEclEv
                0x0000000000001bce       0x32 build/lpc40xx/compiled/source/main.cpp.o
                0x0000000000001bce                std::function<std::chrono::duration<long long, std::ratio<1ll, 1000000000ll> > ()>::operator()() const
 .text._ZNSt6chronoplIxSt5ratioILx1ELx1000000000EExS2_EENSt11common_typeIJNS_8durationIT_T0_EENS4_IT1_T2_EEEE4typeERKS7_RKSA_
                0x0000000000001c00       0x60 build/lpc40xx/compiled/source/main.cpp.o
                0x0000000000001c00                std::common_type<std::chrono::duration<long long, std::ratio<1ll, 1000000000ll> >, std::chrono::duration<long long, std::ratio<1ll, 1000000000ll> > >::type std::chrono::operator+<long long, std::ratio<1ll, 1000000000ll>, long long, std::ratio<1ll, 1000000000ll> >(std::chrono::duration<long long, std::ratio<1ll, 1000000000ll> > const&, std::chrono::duration<long long, std::ratio<1ll, 1000000000ll> > const&)
 .text._ZNSt6chronoleIxSt5ratioILx1ELx1000000000EExS2_EEbRKNS_8durationIT_T0_EERKNS3_IT1_T2_EE
                0x0000000000001c60       0x22 build/lpc40xx/compiled/source/main.cpp.o
                0x0000000000001c60                bool std::chrono::operator<=<long long, std::ratio<1ll, 1000000000ll>, long long, std::ratio<1ll, 1000000000ll> >(std::chrono::duration<long long, std::ratio<1ll, 1000000000ll> > const&, std::chrono::duration<long long, std::ratio<1ll, 1000000000ll> > const&)
 .text._ZNKSt8functionIFbvEEclEv
                0x0000000000001c82       0x2e build/lpc40xx/compiled/source/main.cpp.o
                0x0000000000001c82                std::function<bool ()>::operator()() const
 .text._ZNSt8functionIFbvEEC2IZN4sjsu4WaitENSt6chrono8durationIxSt5ratioILx1ELx1000000000EEEEEUlvE_vvEET_
                0x0000000000001cb0       0x54 build/lpc40xx/compiled/source/main.cpp.o
                0x0000000000001cb0                std::function<bool ()>::function<sjsu::Wait(std::chrono::duration<long long, std::ratio<1ll, 1000000000ll> >)::{lambda()#1}, void, void>(sjsu::Wait(std::chrono::duration<long long, std::ratio<1ll, 1000000000ll> >)::{lambda()#1})
                0x0000000000001cb0                std::function<bool ()>::function<sjsu::Wait(std::chrono::duration<long long, std::ratio<1ll, 1000000000ll> >)::{lambda()#1}, void, void>(sjsu::Wait(std::chrono::duration<long long, std::ratio<1ll, 1000000000ll> >)::{lambda()#1})
 .text._ZN4sjsu3bit6InsertImbEET_S2_T0_NS0_4MaskE
                0x0000000000001d04       0x26 build/lpc40xx/compiled/source/main.cpp.o
                0x0000000000001d04                unsigned long sjsu::bit::Insert<unsigned long, bool>(unsigned long, bool, sjsu::bit::Mask)
 .text._ZNSt8functionIFvvEEC2Ev
                0x0000000000001d2a       0x1a build/lpc40xx/compiled/source/main.cpp.o
                0x0000000000001d2a                std::function<void ()>::function()
                0x0000000000001d2a                std::function<void ()>::function()
 .text._ZNKSt8functionIFvvEEclEv
                0x0000000000001d44       0x2c build/lpc40xx/compiled/source/main.cpp.o
                0x0000000000001d44                std::function<void ()>::operator()() const
 .text._ZN4sjsu3bit5ClearImEET_S2_m
                0x0000000000001d70       0x26 build/lpc40xx/compiled/source/main.cpp.o
                0x0000000000001d70                unsigned long sjsu::bit::Clear<unsigned long>(unsigned long, unsigned long)
 .text._ZN4sjsu3bit3SetImEET_S2_m
                0x0000000000001d96       0x24 build/lpc40xx/compiled/source/main.cpp.o
                0x0000000000001d96                unsigned long sjsu::bit::Set<unsigned long>(unsigned long, unsigned long)
 .text._ZN4sjsu3bit4ReadImEEbT_m
                0x0000000000001dba       0x2e build/lpc40xx/compiled/source/main.cpp.o
                0x0000000000001dba                bool sjsu::bit::Read<unsigned long>(unsigned long, unsigned long)
 .text._ZNSt8functionIFvvEEC2IPS0_vvEET_
                0x0000000000001de8       0x54 build/lpc40xx/compiled/source/main.cpp.o
                0x0000000000001de8                std::function<void ()>::function<void (*)(), void, void>(void (*)())
                0x0000000000001de8                std::function<void ()>::function<void (*)(), void, void>(void (*)())
 .text._ZNSt8functionIFvvEEaSERKS1_
                0x0000000000001e3c       0x36 build/lpc40xx/compiled/source/main.cpp.o
                0x0000000000001e3c                std::function<void ()>::operator=(std::function<void ()> const&)
 .text._ZNSt8functionIFvvEEaSEDn
                0x0000000000001e72       0x34 build/lpc40xx/compiled/source/main.cpp.o
                0x0000000000001e72                std::function<void ()>::operator=(decltype(nullptr))
 .text._ZNSt8literals15chrono_literalsli2msIJLc53ELc48ELc48EEEENSt6chrono8durationIxSt5ratioILx1ELx1000EEEEv
                0x0000000000001ea6       0x1a build/lpc40xx/compiled/source/main.cpp.o
                0x0000000000001ea6                std::chrono::duration<long long, std::ratio<1ll, 1000ll> > std::literals::chrono_literals::operator"" ms<(char)53, (char)48, (char)48>()
 .text._ZNSt6chrono8durationIxSt5ratioILx1ELx1000000000EEEC2IxS1_ILx1ELx1000EEvEERKNS0_IT_T0_EE
                0x0000000000001ec0       0x34 build/lpc40xx/compiled/source/main.cpp.o
                0x0000000000001ec0                std::chrono::duration<long long, std::ratio<1ll, 1000000000ll> >::duration<long long, std::ratio<1ll, 1000ll>, void>(std::chrono::duration<long long, std::ratio<1ll, 1000ll> > const&)
                0x0000000000001ec0                std::chrono::duration<long long, std::ratio<1ll, 1000000000ll> >::duration<long long, std::ratio<1ll, 1000ll>, void>(std::chrono::duration<long long, std::ratio<1ll, 1000ll> > const&)
 .text._ZN4sjsu3bit6InsertImhEET_S2_T0_mm
                0x0000000000001ef4       0x5a build/lpc40xx/compiled/source/main.cpp.o
                0x0000000000001ef4                unsigned long sjsu::bit::Insert<unsigned long, unsigned char>(unsigned long, unsigned char, unsigned long, unsigned long)
 .text._ZNSt8literals15chrono_literals16__check_overflowINSt6chrono8durationIxSt5ratioILx1ELx1000000EEEEJLc49EEEET_v
                0x0000000000001f4e       0x28 build/lpc40xx/compiled/source/main.cpp.o
                0x0000000000001f4e                std::chrono::duration<long long, std::ratio<1ll, 1000000ll> > std::literals::chrono_literals::__check_overflow<std::chrono::duration<long long, std::ratio<1ll, 1000000ll> >, (char)49>()
 .text._ZNSt6chrono13duration_castINS_8durationIxSt5ratioILx1ELx1000000000EEEExS2_ILx1ELx1000000EEEENSt9enable_ifIXsrNS_13__is_durationIT_EE5valueES8_E4typeERKNS1_IT0_T1_EE
                0x0000000000001f76       0x1e build/lpc40xx/compiled/source/main.cpp.o
                0x0000000000001f76                std::enable_if<std::chrono::__is_duration<std::chrono::duration<long long, std::ratio<1ll, 1000000000ll> > >::value, std::chrono::duration<long long, std::ratio<1ll, 1000000000ll> > >::type std::chrono::duration_cast<std::chrono::duration<long long, std::ratio<1ll, 1000000000ll> >, long long, std::ratio<1ll, 1000000ll> >(std::chrono::duration<long long, std::ratio<1ll, 1000000ll> > const&)
 .text._ZNSt14_Function_base13_Base_managerIPFNSt6chrono8durationIxSt5ratioILx1ELx1000000000EEEEvEE21_M_not_empty_functionIS6_EEbPT_
                0x0000000000001f94       0x20 build/lpc40xx/compiled/source/main.cpp.o
                0x0000000000001f94                bool std::_Function_base::_Base_manager<std::chrono::duration<long long, std::ratio<1ll, 1000000000ll> > (*)()>::_M_not_empty_function<std::chrono::duration<long long, std::ratio<1ll, 1000000000ll> > ()>(std::chrono::duration<long long, std::ratio<1ll, 1000000000ll> > (*)())
 .text._ZSt4moveIRPFNSt6chrono8durationIxSt5ratioILx1ELx1000000000EEEEvEEONSt16remove_referenceIT_E4typeEOS9_
                0x0000000000001fb4       0x16 build/lpc40xx/compiled/source/main.cpp.o
                0x0000000000001fb4                std::remove_reference<std::chrono::duration<long long, std::ratio<1ll, 1000000000ll> > (*&)()>::type&& std::move<std::chrono::duration<long long, std::ratio<1ll, 1000000000ll> > (*&)()>(std::chrono::duration<long long, std::ratio<1ll, 1000000000ll> > (*&)())
 .text._ZNSt14_Function_base13_Base_managerIPFNSt6chrono8durationIxSt5ratioILx1ELx1000000000EEEEvEE15_M_init_functorERSt9_Any_dataOS7_
                0x0000000000001fca       0x24 build/lpc40xx/compiled/source/main.cpp.o
                0x0000000000001fca                std::_Function_base::_Base_manager<std::chrono::duration<long long, std::ratio<1ll, 1000000000ll> > (*)()>::_M_init_functor(std::_Any_data&, std::chrono::duration<long long, std::ratio<1ll, 1000000000ll> > (*&&)())
 .text._ZNSt17_Function_handlerIFNSt6chrono8durationIxSt5ratioILx1ELx1000000000EEEEvEPS5_E9_M_invokeERKSt9_Any_data
                0x0000000000001fee       0x24 build/lpc40xx/compiled/source/main.cpp.o
                0x0000000000001fee                std::_Function_handler<std::chrono::duration<long long, std::ratio<1ll, 1000000000ll> > (), std::chrono::duration<long long, std::ratio<1ll, 1000000000ll> > (*)()>::_M_invoke(std::_Any_data const&)
 .text._ZNSt14_Function_base13_Base_managerIPFNSt6chrono8durationIxSt5ratioILx1ELx1000000000EEEEvEE10_M_managerERSt9_Any_dataRKS9_St18_Manager_operation
                0x0000000000002012       0x56 build/lpc40xx/compiled/source/main.cpp.o
                0x0000000000002012                std::_Function_base::_Base_manager<std::chrono::duration<long long, std::ratio<1ll, 1000000000ll> > (*)()>::_M_manager(std::_Any_data&, std::_Any_data const&, std::_Manager_operation)
 .text._ZNSt6chrono15duration_valuesIxE3maxEv
                0x0000000000002068       0x12 build/lpc40xx/compiled/source/main.cpp.o
                0x0000000000002068                std::chrono::duration_values<long long>::max()
 .text._ZNSt14_Function_base13_Base_managerIZN4sjsu4WaitENSt6chrono8durationIxSt5ratioILx1ELx1000000000EEEEEUlvE_E21_M_not_empty_functionIS7_EEbRKT_
                0x000000000000207a       0x16 build/lpc40xx/compiled/source/main.cpp.o
                0x000000000000207a                bool std::_Function_base::_Base_manager<sjsu::Wait(std::chrono::duration<long long, std::ratio<1ll, 1000000000ll> >)::{lambda()#1}>::_M_not_empty_function<{lambda()#1}>({lambda()#1} const&)
 .text._ZSt4moveIRZN4sjsu4WaitENSt6chrono8durationIxSt5ratioILx1ELx1000000000EEEEEUlvE_EONSt16remove_referenceIT_E4typeEOS9_
                0x0000000000002090       0x16 build/lpc40xx/compiled/source/main.cpp.o
                0x0000000000002090                std::remove_reference<sjsu::Wait(std::chrono::duration<long long, std::ratio<1ll, 1000000000ll> >)::{lambda()#1}&>::type&& std::move<sjsu::Wait(std::chrono::duration<long long, std::ratio<1ll, 1000000000ll> >)::{lambda()#1}&>(std::remove_reference&&)
 .text._ZNSt14_Function_base13_Base_managerIZN4sjsu4WaitENSt6chrono8durationIxSt5ratioILx1ELx1000000000EEEEEUlvE_E15_M_init_functorERSt9_Any_dataOS7_
                0x00000000000020a6       0x24 build/lpc40xx/compiled/source/main.cpp.o
                0x00000000000020a6                std::_Function_base::_Base_manager<sjsu::Wait(std::chrono::duration<long long, std::ratio<1ll, 1000000000ll> >)::{lambda()#1}>::_M_init_functor(std::_Any_data&, {lambda()#1}&&)
 .text._ZNSt17_Function_handlerIFbvEZN4sjsu4WaitENSt6chrono8durationIxSt5ratioILx1ELx1000000000EEEEEUlvE_E9_M_invokeERKSt9_Any_data
                0x00000000000020ca       0x20 build/lpc40xx/compiled/source/main.cpp.o
                0x00000000000020ca                std::_Function_handler<bool (), sjsu::Wait(std::chrono::duration<long long, std::ratio<1ll, 1000000000ll> >)::{lambda()#1}>::_M_invoke(std::_Any_data const&)
 .text._ZNSt14_Function_base13_Base_managerIZN4sjsu4WaitENSt6chrono8durationIxSt5ratioILx1ELx1000000000EEEEEUlvE_E10_M_managerERSt9_Any_dataRKS9_St18_Manager_operation
                0x00000000000020ea       0x56 build/lpc40xx/compiled/source/main.cpp.o
                0x00000000000020ea                std::_Function_base::_Base_manager<sjsu::Wait(std::chrono::duration<long long, std::ratio<1ll, 1000000000ll> >)::{lambda()#1}>::_M_manager(std::_Any_data&, std::_Function_base::_Base_manager<sjsu::Wait(std::chrono::duration<long long, std::ratio<1ll, 1000000000ll> >)::{lambda()#1}> const&, std::_Manager_operation)
 .text._ZN4sjsu3bit6InsertImbEET_S2_T0_mm
                0x0000000000002140       0x5a build/lpc40xx/compiled/source/main.cpp.o
                0x0000000000002140                unsigned long sjsu::bit::Insert<unsigned long, bool>(unsigned long, bool, unsigned long, unsigned long)
 .text._ZNSt14_Function_base13_Base_managerIPFvvEE21_M_not_empty_functionIS1_EEbPT_
                0x000000000000219a       0x20 build/lpc40xx/compiled/source/main.cpp.o
                0x000000000000219a                bool std::_Function_base::_Base_manager<void (*)()>::_M_not_empty_function<void ()>(void (*)())
 .text._ZSt4moveIRPFvvEEONSt16remove_referenceIT_E4typeEOS4_
                0x00000000000021ba       0x16 build/lpc40xx/compiled/source/main.cpp.o
                0x00000000000021ba                std::remove_reference<void (*&)()>::type&& std::move<void (*&)()>(void (*&)())
 .text._ZNSt14_Function_base13_Base_managerIPFvvEE15_M_init_functorERSt9_Any_dataOS2_
                0x00000000000021d0       0x24 build/lpc40xx/compiled/source/main.cpp.o
                0x00000000000021d0                std::_Function_base::_Base_manager<void (*)()>::_M_init_functor(std::_Any_data&, void (*&&)())
 .text._ZNSt17_Function_handlerIFvvEPS0_E9_M_invokeERKSt9_Any_data
                0x00000000000021f4       0x1c build/lpc40xx/compiled/source/main.cpp.o
                0x00000000000021f4                std::_Function_handler<void (), void (*)()>::_M_invoke(std::_Any_data const&)
 .text._ZNSt14_Function_base13_Base_managerIPFvvEE10_M_managerERSt9_Any_dataRKS4_St18_Manager_operation
                0x0000000000002210       0x56 build/lpc40xx/compiled/source/main.cpp.o
                0x0000000000002210                std::_Function_base::_Base_manager<void (*)()>::_M_manager(std::_Any_data&, std::_Any_data const&, std::_Manager_operation)
 .text._ZNSt8functionIFvvEEC2ERKS1_
                0x0000000000002266       0x44 build/lpc40xx/compiled/source/main.cpp.o
                0x0000000000002266                std::function<void ()>::function(std::function<void ()> const&)
                0x0000000000002266                std::function<void ()>::function(std::function<void ()> const&)
 .text._ZNSt8functionIFvvEE4swapERS1_
                0x00000000000022aa       0x42 build/lpc40xx/compiled/source/main.cpp.o
                0x00000000000022aa                std::function<void ()>::swap(std::function<void ()>&)
 .text._ZNSt8literals15chrono_literals16__check_overflowINSt6chrono8durationIxSt5ratioILx1ELx1000EEEEJLc53ELc48ELc48EEEET_v
                0x00000000000022ec       0x28 build/lpc40xx/compiled/source/main.cpp.o
                0x00000000000022ec                std::chrono::duration<long long, std::ratio<1ll, 1000ll> > std::literals::chrono_literals::__check_overflow<std::chrono::duration<long long, std::ratio<1ll, 1000ll> >, (char)53, (char)48, (char)48>()
 .text._ZNSt6chrono13duration_castINS_8durationIxSt5ratioILx1ELx1000000000EEEExS2_ILx1ELx1000EEEENSt9enable_ifIXsrNS_13__is_durationIT_EE5valueES8_E4typeERKNS1_IT0_T1_EE
                0x0000000000002314       0x1e build/lpc40xx/compiled/source/main.cpp.o
                0x0000000000002314                std::enable_if<std::chrono::__is_duration<std::chrono::duration<long long, std::ratio<1ll, 1000000000ll> > >::value, std::chrono::duration<long long, std::ratio<1ll, 1000000000ll> > >::type std::chrono::duration_cast<std::chrono::duration<long long, std::ratio<1ll, 1000000000ll> >, long long, std::ratio<1ll, 1000ll> >(std::chrono::duration<long long, std::ratio<1ll, 1000ll> > const&)
 .text._ZNSt6chrono8durationIxSt5ratioILx1ELx1000000EEEC2IxvEERKT_
                0x0000000000002332       0x24 build/lpc40xx/compiled/source/main.cpp.o
                0x0000000000002332                std::chrono::duration<long long, std::ratio<1ll, 1000000ll> >::duration<long long, void>(long long const&)
                0x0000000000002332                std::chrono::duration<long long, std::ratio<1ll, 1000000ll> >::duration<long long, void>(long long const&)
 .text._ZNKSt6chrono8durationIxSt5ratioILx1ELx1000000EEE5countEv
                0x0000000000002356       0x1c build/lpc40xx/compiled/source/main.cpp.o
                0x0000000000002356                std::chrono::duration<long long, std::ratio<1ll, 1000000ll> >::count() const
 .text._ZNSt6chrono20__duration_cast_implINS_8durationIxSt5ratioILx1ELx1000000000EEEES2_ILx1000ELx1EExLb0ELb1EE6__castIxS2_ILx1ELx1000000EEEES4_RKNS1_IT_T0_EE
                0x0000000000002372       0x74 build/lpc40xx/compiled/source/main.cpp.o
                0x0000000000002372                std::chrono::duration<long long, std::ratio<1ll, 1000000000ll> > std::chrono::__duration_cast_impl<std::chrono::duration<long long, std::ratio<1ll, 1000000000ll> >, std::ratio<1000ll, 1ll>, long long, false, true>::__cast<long long, std::ratio<1ll, 1000000ll> >(std::chrono::duration<long long, std::ratio<1ll, 1000000ll> > const&)
 .text._ZNSt14_Function_base13_Base_managerIPFNSt6chrono8durationIxSt5ratioILx1ELx1000000000EEEEvEE15_M_init_functorERSt9_Any_dataOS7_St17integral_constantIbLb1EE
                0x00000000000023e6       0x32 build/lpc40xx/compiled/source/main.cpp.o
                0x00000000000023e6                std::_Function_base::_Base_manager<std::chrono::duration<long long, std::ratio<1ll, 1000000000ll> > (*)()>::_M_init_functor(std::_Any_data&, std::chrono::duration<long long, std::ratio<1ll, 1000000000ll> > (*&&)(), std::integral_constant<bool, true>)
 .text._ZNSt14_Function_base13_Base_managerIPFNSt6chrono8durationIxSt5ratioILx1ELx1000000000EEEEvEE14_M_get_pointerERKSt9_Any_data
                0x0000000000002418       0x20 build/lpc40xx/compiled/source/main.cpp.o
                0x0000000000002418                std::_Function_base::_Base_manager<std::chrono::duration<long long, std::ratio<1ll, 1000000000ll> > (*)()>::_M_get_pointer(std::_Any_data const&)
 .text._ZNSt9_Any_data9_M_accessIPPFNSt6chrono8durationIxSt5ratioILx1ELx1000000000EEEEvEEERT_v
                0x0000000000002438       0x18 build/lpc40xx/compiled/source/main.cpp.o
                0x0000000000002438                std::chrono::duration<long long, std::ratio<1ll, 1000000000ll> > (**&std::_Any_data::_M_access<std::chrono::duration<long long, std::ratio<1ll, 1000000000ll> > (**)()>())()
 .text._ZNSt14_Function_base13_Base_managerIPFNSt6chrono8durationIxSt5ratioILx1ELx1000000000EEEEvEE8_M_cloneERSt9_Any_dataRKS9_St17integral_constantIbLb1EE
                0x0000000000002450       0x32 build/lpc40xx/compiled/source/main.cpp.o
                0x0000000000002450                std::_Function_base::_Base_manager<std::chrono::duration<long long, std::ratio<1ll, 1000000000ll> > (*)()>::_M_clone(std::_Any_data&, std::_Any_data const&, std::integral_constant<bool, true>)
 .text._ZNSt14_Function_base13_Base_managerIPFNSt6chrono8durationIxSt5ratioILx1ELx1000000000EEEEvEE10_M_destroyERSt9_Any_dataSt17integral_constantIbLb1EE
                0x0000000000002482       0x18 build/lpc40xx/compiled/source/main.cpp.o
                0x0000000000002482                std::_Function_base::_Base_manager<std::chrono::duration<long long, std::ratio<1ll, 1000000000ll> > (*)()>::_M_destroy(std::_Any_data&, std::integral_constant<bool, true>)
 .text._ZSt4moveIRSt9_Any_dataEONSt16remove_referenceIT_E4typeEOS3_
                0x000000000000249a       0x16 build/lpc40xx/compiled/source/main.cpp.o
                0x000000000000249a                std::remove_reference<std::_Any_data&>::type&& std::move<std::_Any_data&>(std::_Any_data&)
 .text._ZSt4swapISt9_Any_dataENSt9enable_ifIXsrSt6__and_IJSt6__not_ISt15__is_tuple_likeIT_EESt21is_move_constructibleIS5_ESt18is_move_assignableIS5_EEE5valueEvE4typeERS5_SF_
                0x00000000000024b0       0x4e build/lpc40xx/compiled/source/main.cpp.o
                0x00000000000024b0                std::enable_if<std::__and_<std::__not_<std::__is_tuple_like<std::_Any_data> >, std::is_move_constructible<std::_Any_data>, std::is_move_assignable<std::_Any_data> >::value, void>::type std::swap<std::_Any_data>(std::_Any_data&, std::_Any_data&)
 .text._ZSt4moveIRPFbRSt9_Any_dataRKS0_St18_Manager_operationEEONSt16remove_referenceIT_E4typeEOS9_
                0x00000000000024fe       0x16 build/lpc40xx/compiled/source/main.cpp.o
                0x00000000000024fe                std::remove_reference<bool (*&)(std::_Any_data&, std::_Any_data const&, std::_Manager_operation)>::type&& std::move<bool (*&)(std::_Any_data&, std::_Any_data const&, std::_Manager_operation)>(bool (*&)(std::_Any_data&, std::_Any_data const&, std::_Manager_operation))
 .text._ZSt4swapIPFbRSt9_Any_dataRKS0_St18_Manager_operationEENSt9enable_ifIXsrSt6__and_IJSt6__not_ISt15__is_tuple_likeIT_EESt21is_move_constructibleISB_ESt18is_move_assignableISB_EEE5valueEvE4typeERSB_SL_
                0x0000000000002514       0x3e build/lpc40xx/compiled/source/main.cpp.o
                0x0000000000002514                std::enable_if<std::__and_<std::__not_<std::__is_tuple_like<bool (*)(std::_Any_data&, std::_Any_data const&, std::_Manager_operation)> >, std::is_move_constructible<bool (*)(std::_Any_data&, std::_Any_data const&, std::_Manager_operation)>, std::is_move_assignable<bool (*)(std::_Any_data&, std::_Any_data const&, std::_Manager_operation)> >::value, void>::type std::swap<bool (*)(std::_Any_data&, std::_Any_data const&, std::_Manager_operation)>(bool (*&)(std::_Any_data&, std::_Any_data const&, std::_Manager_operation), bool (*&)(std::_Any_data&, std::_Any_data const&, std::_Manager_operation))
 .text._ZNSt14_Function_base13_Base_managerIZN4sjsu4WaitENSt6chrono8durationIxSt5ratioILx1ELx1000000000EEEEEUlvE_E15_M_init_functorERSt9_Any_dataOS7_St17integral_constantIbLb1EE
                0x0000000000002552       0x2a build/lpc40xx/compiled/source/main.cpp.o
                0x0000000000002552                std::_Function_base::_Base_manager<sjsu::Wait(std::chrono::duration<long long, std::ratio<1ll, 1000000000ll> >)::{lambda()#1}>::_M_init_functor(std::_Any_data&, {lambda()#1}&&, std::integral_constant<bool, true>)
 .text._ZNSt14_Function_base13_Base_managerIZN4sjsu4WaitENSt6chrono8durationIxSt5ratioILx1ELx1000000000EEEEEUlvE_E14_M_get_pointerERKSt9_Any_data
                0x000000000000257c       0x20 build/lpc40xx/compiled/source/main.cpp.o
                0x000000000000257c                std::_Function_base::_Base_manager<sjsu::Wait(std::chrono::duration<long long, std::ratio<1ll, 1000000000ll> >)::{lambda()#1}>::_M_get_pointer(std::_Any_data const&)
 .text._ZNSt9_Any_data9_M_accessIPZN4sjsu4WaitENSt6chrono8durationIxSt5ratioILx1ELx1000000000EEEEEUlvE_EERT_v
                0x000000000000259c       0x18 build/lpc40xx/compiled/source/main.cpp.o
                0x000000000000259c                sjsu::Wait(std::chrono::duration<long long, std::ratio<1ll, 1000000000ll> >)::{lambda()#1}*& std::_Any_data::_M_access<sjsu::Wait(std::chrono::duration<long long, std::ratio<1ll, 1000000000ll> >)::{lambda()#1}*>()
 .text._ZNSt14_Function_base13_Base_managerIZN4sjsu4WaitENSt6chrono8durationIxSt5ratioILx1ELx1000000000EEEEEUlvE_E8_M_cloneERSt9_Any_dataRKS9_St17integral_constantIbLb1EE
                0x00000000000025b4       0x2a build/lpc40xx/compiled/source/main.cpp.o
                0x00000000000025b4                std::_Function_base::_Base_manager<sjsu::Wait(std::chrono::duration<long long, std::ratio<1ll, 1000000000ll> >)::{lambda()#1}>::_M_clone(std::_Any_data&, std::_Function_base::_Base_manager<sjsu::Wait(std::chrono::duration<long long, std::ratio<1ll, 1000000000ll> >)::{lambda()#1}> const&, std::integral_constant<bool, true>)
 .text._ZNSt14_Function_base13_Base_managerIZN4sjsu4WaitENSt6chrono8durationIxSt5ratioILx1ELx1000000000EEEEEUlvE_E10_M_destroyERSt9_Any_dataSt17integral_constantIbLb1EE
                0x00000000000025de       0x18 build/lpc40xx/compiled/source/main.cpp.o
                0x00000000000025de                std::_Function_base::_Base_manager<sjsu::Wait(std::chrono::duration<long long, std::ratio<1ll, 1000000000ll> >)::{lambda()#1}>::_M_destroy(std::_Any_data&, std::integral_constant<bool, true>)
 .text._ZNSt14_Function_base13_Base_managerIPFvvEE15_M_init_functorERSt9_Any_dataOS2_St17integral_constantIbLb1EE
                0x00000000000025f6       0x32 build/lpc40xx/compiled/source/main.cpp.o
                0x00000000000025f6                std::_Function_base::_Base_manager<void (*)()>::_M_init_functor(std::_Any_data&, void (*&&)(), std::integral_constant<bool, true>)
 .text._ZNSt14_Function_base13_Base_managerIPFvvEE14_M_get_pointerERKSt9_Any_data
                0x0000000000002628       0x20 build/lpc40xx/compiled/source/main.cpp.o
                0x0000000000002628                std::_Function_base::_Base_manager<void (*)()>::_M_get_pointer(std::_Any_data const&)
 .text._ZNSt9_Any_data9_M_accessIPPFvvEEERT_v
                0x0000000000002648       0x18 build/lpc40xx/compiled/source/main.cpp.o
                0x0000000000002648                void (**&std::_Any_data::_M_access<void (**)()>())()
 .text._ZNSt14_Function_base13_Base_managerIPFvvEE8_M_cloneERSt9_Any_dataRKS4_St17integral_constantIbLb1EE
                0x0000000000002660       0x32 build/lpc40xx/compiled/source/main.cpp.o
                0x0000000000002660                std::_Function_base::_Base_manager<void (*)()>::_M_clone(std::_Any_data&, std::_Any_data const&, std::integral_constant<bool, true>)
 .text._ZNSt14_Function_base13_Base_managerIPFvvEE10_M_destroyERSt9_Any_dataSt17integral_constantIbLb1EE
                0x0000000000002692       0x18 build/lpc40xx/compiled/source/main.cpp.o
                0x0000000000002692                std::_Function_base::_Base_manager<void (*)()>::_M_destroy(std::_Any_data&, std::integral_constant<bool, true>)
 .text._ZNKSt8functionIFvvEEcvbEv
                0x00000000000026aa       0x20 build/lpc40xx/compiled/source/main.cpp.o
                0x00000000000026aa                std::function<void ()>::operator bool() const
 .text._ZSt4moveIRPFvRKSt9_Any_dataEEONSt16remove_referenceIT_E4typeEOS7_
                0x00000000000026ca       0x16 build/lpc40xx/compiled/source/main.cpp.o
                0x00000000000026ca                std::remove_reference<void (*&)(std::_Any_data const&)>::type&& std::move<void (*&)(std::_Any_data const&)>(void (*&)(std::_Any_data const&))
 .text._ZSt4swapIPFvRKSt9_Any_dataEENSt9enable_ifIXsrSt6__and_IJSt6__not_ISt15__is_tuple_likeIT_EESt21is_move_constructibleIS9_ESt18is_move_assignableIS9_EEE5valueEvE4typeERS9_SJ_
                0x00000000000026e0       0x3e build/lpc40xx/compiled/source/main.cpp.o
                0x00000000000026e0                std::enable_if<std::__and_<std::__not_<std::__is_tuple_like<void (*)(std::_Any_data const&)> >, std::is_move_constructible<void (*)(std::_Any_data const&)>, std::is_move_assignable<void (*)(std::_Any_data const&)> >::value, void>::type std::swap<void (*)(std::_Any_data const&)>(void (*&)(std::_Any_data const&), void (*&)(std::_Any_data const&))
 .text._ZNKSt6chrono8durationIxSt5ratioILx1ELx1000EEE5countEv
                0x000000000000271e       0x1c build/lpc40xx/compiled/source/main.cpp.o
                0x000000000000271e                std::chrono::duration<long long, std::ratio<1ll, 1000ll> >::count() const
 .text._ZNSt6chrono20__duration_cast_implINS_8durationIxSt5ratioILx1ELx1000000000EEEES2_ILx1000000ELx1EExLb0ELb1EE6__castIxS2_ILx1ELx1000EEEES4_RKNS1_IT_T0_EE
                0x000000000000273a       0x86 build/lpc40xx/compiled/source/main.cpp.o
                0x000000000000273a                std::chrono::duration<long long, std::ratio<1ll, 1000000000ll> > std::chrono::__duration_cast_impl<std::chrono::duration<long long, std::ratio<1ll, 1000000000ll> >, std::ratio<1000000ll, 1ll>, long long, false, true>::__cast<long long, std::ratio<1ll, 1000ll> >(std::chrono::duration<long long, std::ratio<1ll, 1000ll> > const&)
 .text._ZNKSt9_Any_data9_M_accessIPFNSt6chrono8durationIxSt5ratioILx1ELx1000000000EEEEvEEERKT_v
                0x00000000000027c0       0x18 build/lpc40xx/compiled/source/main.cpp.o
                0x00000000000027c0                std::chrono::duration<long long, std::ratio<1ll, 1000000000ll> > (* const&std::_Any_data::_M_access<std::chrono::duration<long long, std::ratio<1ll, 1000000000ll> > (*)()>() const)()
 .text._ZSt11__addressofIKPFNSt6chrono8durationIxSt5ratioILx1ELx1000000000EEEEvEEPT_RS8_
                0x00000000000027d8       0x16 build/lpc40xx/compiled/source/main.cpp.o
                0x00000000000027d8                std::chrono::duration<long long, std::ratio<1ll, 1000000000ll> > (* const*std::__addressof<std::chrono::duration<long long, std::ratio<1ll, 1000000000ll> > (* const)()>(std::chrono::duration<long long, std::ratio<1ll, 1000000000ll> > (* const&)()))()
 .text._ZNSt9_Any_data9_M_accessIPFNSt6chrono8durationIxSt5ratioILx1ELx1000000000EEEEvEEERT_v
                0x00000000000027ee       0x18 build/lpc40xx/compiled/source/main.cpp.o
                0x00000000000027ee                std::chrono::duration<long long, std::ratio<1ll, 1000000000ll> > (*&std::_Any_data::_M_access<std::chrono::duration<long long, std::ratio<1ll, 1000000000ll> > (*)()>())()
 .text._ZNKSt9_Any_data9_M_accessIZN4sjsu4WaitENSt6chrono8durationIxSt5ratioILx1ELx1000000000EEEEEUlvE_EERKT_v
                0x0000000000002806       0x18 build/lpc40xx/compiled/source/main.cpp.o
                0x0000000000002806                sjsu::Wait(std::chrono::duration<long long, std::ratio<1ll, 1000000000ll> >)::{lambda()#1} const& std::_Any_data::_M_access<sjsu::Wait(std::chrono::duration<long long, std::ratio<1ll, 1000000000ll> >)::{lambda()#1}>() const
 .text._ZSt11__addressofIKZN4sjsu4WaitENSt6chrono8durationIxSt5ratioILx1ELx1000000000EEEEEUlvE_EPT_RS8_
                0x000000000000281e       0x16 build/lpc40xx/compiled/source/main.cpp.o
                0x000000000000281e                sjsu::Wait(std::chrono::duration<long long, std::ratio<1ll, 1000000000ll> >)::{lambda()#1} const* std::__addressof<sjsu::Wait(std::chrono::duration<long long, std::ratio<1ll, 1000000000ll> >)::{lambda()#1} const>(sjsu::Wait(std::chrono::duration<long long, std::ratio<1ll, 1000000000ll> >)::{lambda()#1} const&)
 .text._ZNSt9_Any_data9_M_accessIZN4sjsu4WaitENSt6chrono8durationIxSt5ratioILx1ELx1000000000EEEEEUlvE_EERT_v
                0x0000000000002834       0x18 build/lpc40xx/compiled/source/main.cpp.o
                0x0000000000002834                sjsu::Wait(std::chrono::duration<long long, std::ratio<1ll, 1000000000ll> >)::{lambda()#1}& std::_Any_data::_M_access<sjsu::Wait(std::chrono::duration<long long, std::ratio<1ll, 1000000000ll> >)::{lambda()#1}>()
 .text._ZNKSt9_Any_data9_M_accessIPFvvEEERKT_v
                0x000000000000284c       0x18 build/lpc40xx/compiled/source/main.cpp.o
                0x000000000000284c                void (* const&std::_Any_data::_M_access<void (*)()>() const)()
 .text._ZSt11__addressofIKPFvvEEPT_RS3_
                0x0000000000002864       0x16 build/lpc40xx/compiled/source/main.cpp.o
                0x0000000000002864                void (* const*std::__addressof<void (* const)()>(void (* const&)()))()
 .text._ZNSt9_Any_data9_M_accessIPFvvEEERT_v
                0x000000000000287a       0x18 build/lpc40xx/compiled/source/main.cpp.o
                0x000000000000287a                void (*&std::_Any_data::_M_access<void (*)()>())()
 *fill*         0x0000000000002892        0x2 ff
 .text.__tcf_0  0x0000000000002894       0x28 build/lpc40xx/compiled/source/main.cpp.o
 .text._Z41__static_initialization_and_destruction_0ii
                0x00000000000028bc      0x140 build/lpc40xx/compiled/source/main.cpp.o
 .text._GLOBAL__sub_I_bus
                0x00000000000029fc       0x10 build/lpc40xx/compiled/source/main.cpp.o
 .text._Unwind_GetGR
                0x0000000000002a0c       0x26 build/lpc40xx/compiled//mnt/c/SJSU-Dev2/library/L3_Application/task_scheduler.cpp.o
 *fill*         0x0000000000002a32        0x2 ff
 .text._ZN4sjsu5debug18PrintAddressAsListEP15_Unwind_ContextPv
                0x0000000000002a34       0x48 build/lpc40xx/compiled//mnt/c/SJSU-Dev2/library/L3_Application/task_scheduler.cpp.o
                0x0000000000002a34                sjsu::debug::PrintAddressAsList(_Unwind_Context*, void*)
 .text._ZN4sjsu5debug17PrintAddressInRowEP15_Unwind_ContextPv
                0x0000000000002a7c       0x44 build/lpc40xx/compiled//mnt/c/SJSU-Dev2/library/L3_Application/task_scheduler.cpp.o
                0x0000000000002a7c                sjsu::debug::PrintAddressInRow(_Unwind_Context*, void*)
 .text._ZN4sjsu5debug14PrintBacktraceEbPv
                0x0000000000002ac0       0x98 build/lpc40xx/compiled//mnt/c/SJSU-Dev2/library/L3_Application/task_scheduler.cpp.o
                0x0000000000002ac0                sjsu::debug::PrintBacktrace(bool, void*)
 .text._ZN4sjsu4HaltEv
                0x0000000000002b58        0x8 build/lpc40xx/compiled//mnt/c/SJSU-Dev2/library/L3_Application/task_scheduler.cpp.o
                0x0000000000002b58                sjsu::Halt()
 .text._Z41__static_initialization_and_destruction_0ii
                0x0000000000002b60       0x5c build/lpc40xx/compiled//mnt/c/SJSU-Dev2/library/L3_Application/task_scheduler.cpp.o
 .text._GLOBAL__sub_I__ZN4sjsu4rtos13TaskScheduler7RunTaskEPv
                0x0000000000002bbc       0x10 build/lpc40xx/compiled//mnt/c/SJSU-Dev2/library/L3_Application/task_scheduler.cpp.o
 .text._ZN4sjsu21InitializeDataSectionEv
                0x0000000000002bcc       0x9c /mnt/c/SJSU-Dev2/library/static_libraries/lpc40xx/liblpc40xx.a(exceptions.cpp.o)
                0x0000000000002bcc                sjsu::InitializeDataSection()
 .text._ZN4sjsu20InitializeBssSectionEv
                0x0000000000002c68       0x6c /mnt/c/SJSU-Dev2/library/static_libraries/lpc40xx/liblpc40xx.a(exceptions.cpp.o)
                0x0000000000002c68                sjsu::InitializeBssSection()
 .text._ZN4sjsu16SystemInitializeEv
                0x0000000000002cd4       0x14 /mnt/c/SJSU-Dev2/library/static_libraries/lpc40xx/liblpc40xx.a(exceptions.cpp.o)
                0x0000000000002cd4                sjsu::SystemInitialize()
 .text.GetRegistersFromStack
                0x0000000000002ce8       0x84 /mnt/c/SJSU-Dev2/library/static_libraries/lpc40xx/liblpc40xx.a(exceptions.cpp.o)
                0x0000000000002ce8                GetRegistersFromStack
 .text.ArmHardFaultHandler
                0x0000000000002d6c       0x26 /mnt/c/SJSU-Dev2/library/static_libraries/lpc40xx/liblpc40xx.a(exceptions.cpp.o)
                0x0000000000002d6c                ArmHardFaultHandler
 *fill*         0x0000000000002d92        0x2 ff
 .text.ArmResetHandler
                0x0000000000002d94       0x80 /mnt/c/SJSU-Dev2/library/static_libraries/lpc40xx/liblpc40xx.a(exceptions.cpp.o)
                0x0000000000002d94                ArmResetHandler
 .text._Z41__static_initialization_and_destruction_0ii
                0x0000000000002e14       0x5c /mnt/c/SJSU-Dev2/library/static_libraries/lpc40xx/liblpc40xx.a(exceptions.cpp.o)
 .text._GLOBAL__sub_I_GetRegistersFromStack
                0x0000000000002e70       0x10 /mnt/c/SJSU-Dev2/library/static_libraries/lpc40xx/liblpc40xx.a(exceptions.cpp.o)
 .text.vTaskSwitchContext
                0x0000000000002e80       0xc4 /mnt/c/SJSU-Dev2/library/static_libraries/lpc40xx/libfreertos.a(tasks.c.o)
                0x0000000000002e80                vTaskSwitchContext
 .text._getpid  0x0000000000002f44       0x10 /mnt/c/SJSU-Dev2/library/static_libraries/lpc40xx/libnewlib.a(newlib.cpp.o)
                0x0000000000002f44                _getpid
 .text._kill    0x0000000000002f54       0x1a /mnt/c/SJSU-Dev2/library/static_libraries/lpc40xx/libnewlib.a(newlib.cpp.o)
                0x0000000000002f54                _kill
 *fill*         0x0000000000002f6e        0x2 ff
 .text._write   0x0000000000002f70       0x30 /mnt/c/SJSU-Dev2/library/static_libraries/lpc40xx/libnewlib.a(newlib.cpp.o)
                0x0000000000002f70                _write
 .text.puts     0x0000000000002fa0       0x48 /mnt/c/SJSU-Dev2/library/static_libraries/lpc40xx/libnewlib.a(newlib.cpp.o)
                0x0000000000002fa0                puts
 .text._exit    0x0000000000002fe8        0xc /mnt/c/SJSU-Dev2/library/static_libraries/lpc40xx/libnewlib.a(newlib.cpp.o)
                0x0000000000002fe8                _exit
 .text._Z10_out_chunkcPvjj
                0x0000000000002ff4       0x72 /mnt/c/SJSU-Dev2/library/static_libraries/lpc40xx/libprintf.a(printf.cpp.o)
                0x0000000000002ff4                _out_chunk(char, void*, unsigned int, unsigned int)
 .text._ZL9_out_nullcPvjj
                0x0000000000003066       0x1c /mnt/c/SJSU-Dev2/library/static_libraries/lpc40xx/libprintf.a(printf.cpp.o)
 .text._ZL7_strlenPKc
                0x0000000000003082       0x2e /mnt/c/SJSU-Dev2/library/static_libraries/lpc40xx/libprintf.a(printf.cpp.o)
 .text._ZL9_is_digitc
                0x00000000000030b0       0x28 /mnt/c/SJSU-Dev2/library/static_libraries/lpc40xx/libprintf.a(printf.cpp.o)
 .text._ZL5_atoiPPKc
                0x00000000000030d8       0x48 /mnt/c/SJSU-Dev2/library/static_libraries/lpc40xx/libprintf.a(printf.cpp.o)
 .text._ZL12_ntoa_formatPFvcPvjjEPcjjS2_jbjjjj
                0x0000000000003120      0x242 /mnt/c/SJSU-Dev2/library/static_libraries/lpc40xx/libprintf.a(printf.cpp.o)
 .text._ZL10_ntoa_longPFvcPvjjEPcjjmbmjjj
                0x0000000000003362       0xd0 /mnt/c/SJSU-Dev2/library/static_libraries/lpc40xx/libprintf.a(printf.cpp.o)
 .text._ZL15_ntoa_long_longPFvcPvjjEPcjjybyjjj
                0x0000000000003432       0xde /mnt/c/SJSU-Dev2/library/static_libraries/lpc40xx/libprintf.a(printf.cpp.o)
 .text._ZL5_ftoaPFvcPvjjEPcjjdjjj
                0x0000000000003510      0x444 /mnt/c/SJSU-Dev2/library/static_libraries/lpc40xx/libprintf.a(printf.cpp.o)
 .text._ZL10_vsnprintfPFvcPvjjEPcjPKcSt9__va_list
                0x0000000000003954      0x8d8 /mnt/c/SJSU-Dev2/library/static_libraries/lpc40xx/libprintf.a(printf.cpp.o)
 .text.printf   0x000000000000422c       0x44 /mnt/c/SJSU-Dev2/library/static_libraries/lpc40xx/libprintf.a(printf.cpp.o)
                0x000000000000422c                printf
 .text.trace_initialize
                0x0000000000004270        0xe /mnt/c/SJSU-Dev2/library/static_libraries/lpc40xx/libsemihost.a(trace_impl.cpp.o)
                0x0000000000004270                trace_initialize
 .text.trace_write
                0x000000000000427e       0x1e /mnt/c/SJSU-Dev2/library/static_libraries/lpc40xx/libsemihost.a(trace_impl.cpp.o)
                0x000000000000427e                trace_write
 .text._ZL31_trace_write_semihosting_stdoutPKcj
                0x000000000000429c       0xc8 /mnt/c/SJSU-Dev2/library/static_libraries/lpc40xx/libsemihost.a(trace_impl.cpp.o)
 .text._ZN4sjsu6cortex10DwtCounter10InitializeEv
                0x0000000000004364       0x44 /mnt/c/SJSU-Dev2/library/static_libraries/lpc40xx/liblpc40xx.a(startup.cpp.o)
                0x0000000000004364                sjsu::cortex::DwtCounter::Initialize()
 .text._ZN4sjsu6cortex10DwtCounter8GetCountEv
                0x00000000000043a8       0x20 /mnt/c/SJSU-Dev2/library/static_libraries/lpc40xx/liblpc40xx.a(startup.cpp.o)
                0x00000000000043a8                sjsu::cortex::DwtCounter::GetCount()
 .text._ZN4sjsu6cortex27InitializeFloatingPointUnitEv
                0x00000000000043c8       0x28 /mnt/c/SJSU-Dev2/library/static_libraries/lpc40xx/liblpc40xx.a(startup.cpp.o)
                0x00000000000043c8                sjsu::cortex::InitializeFloatingPointUnit()
 .text._ZN4sjsu19InterruptController21SetPlatformControllerEPS0_
                0x00000000000043f0       0x20 /mnt/c/SJSU-Dev2/library/static_libraries/lpc40xx/liblpc40xx.a(startup.cpp.o)
                0x00000000000043f0                sjsu::InterruptController::SetPlatformController(sjsu::InterruptController*)
 .text._ZN5units8literalsli3_HzEy
                0x0000000000004410       0x2c /mnt/c/SJSU-Dev2/library/static_libraries/lpc40xx/liblpc40xx.a(startup.cpp.o)
                0x0000000000004410                units::literals::operator"" _Hz(unsigned long long)
 .text._ZN5units8literalsli4_MHzEy
                0x000000000000443c       0x2c /mnt/c/SJSU-Dev2/library/static_libraries/lpc40xx/liblpc40xx.a(startup.cpp.o)
                0x000000000000443c                units::literals::operator"" _MHz(unsigned long long)
 .text._ZN5units6unit_tINS_4unitISt5ratioILx1000000ELx1EENS1_IS2_ILx1ELx1EENS_9base_unitIS2_ILx0ELx1EES6_S2_ILxn1ELx1EES6_S6_S6_S6_S6_S6_EES6_S6_EES6_S6_EEfNS_12linear_scaleEEC1IJEEEfDpRKT_
                0x0000000000004468       0x22 /mnt/c/SJSU-Dev2/library/static_libraries/lpc40xx/liblpc40xx.a(startup.cpp.o)
                0x0000000000004468                units::unit_t<units::unit<std::ratio<1000000ll, 1ll>, units::unit<std::ratio<1ll, 1ll>, units::base_unit<std::ratio<0ll, 1ll>, std::ratio<0ll, 1ll>, std::ratio<-1ll, 1ll>, std::ratio<0ll, 1ll>, std::ratio<0ll, 1ll>, std::ratio<0ll, 1ll>, std::ratio<0ll, 1ll>, std::ratio<0ll, 1ll>, std::ratio<0ll, 1ll> >, std::ratio<0ll, 1ll>, std::ratio<0ll, 1ll> >, std::ratio<0ll, 1ll>, std::ratio<0ll, 1ll> >, float, units::linear_scale>::unit_t<>(float)
 .text._ZN5units12linear_scaleIfEC2IJEEERKfDpOT_
                0x000000000000448a       0x20 /mnt/c/SJSU-Dev2/library/static_libraries/lpc40xx/liblpc40xx.a(startup.cpp.o)
                0x000000000000448a                units::linear_scale<float>::linear_scale<>(float const&)
 .text._ZN5unitsL7convertINS_4unitISt5ratioILx1000000ELx1EENS1_IS2_ILx1ELx1EENS_9base_unitIS2_ILx0ELx1EES6_S2_ILxn1ELx1EES6_S6_S6_S6_S6_S6_EES6_S6_EES6_S6_EESA_fEET1_RKSB_
                0x00000000000044aa       0x1c /mnt/c/SJSU-Dev2/library/static_libraries/lpc40xx/liblpc40xx.a(startup.cpp.o)
 .text._ZN5units6detailL7convertINS_4unitISt5ratioILx1000000ELx1EENS2_IS3_ILx1ELx1EENS_9base_unitIS3_ILx0ELx1EES7_S3_ILxn1ELx1EES7_S7_S7_S7_S7_S7_EES7_S7_EES7_S7_EESB_S5_S7_S7_fEET4_RKSC_St17integral_constantIbLb1EESF_IbLb0EESH_
                0x00000000000044c6       0x24 /mnt/c/SJSU-Dev2/library/static_libraries/lpc40xx/liblpc40xx.a(startup.cpp.o)
 .text._ZN5units6unit_tINS_4unitISt5ratioILx1ELx1EENS_9base_unitIS2_ILx0ELx1EES5_S2_ILxn1ELx1EES5_S5_S5_S5_S5_S5_EES5_S5_EEfNS_12linear_scaleEEC1IJEEEfDpRKT_
                0x00000000000044ea       0x22 /mnt/c/SJSU-Dev2/library/static_libraries/lpc40xx/liblpc40xx.a(startup.cpp.o)
                0x00000000000044ea                units::unit_t<units::unit<std::ratio<1ll, 1ll>, units::base_unit<std::ratio<0ll, 1ll>, std::ratio<0ll, 1ll>, std::ratio<-1ll, 1ll>, std::ratio<0ll, 1ll>, std::ratio<0ll, 1ll>, std::ratio<0ll, 1ll>, std::ratio<0ll, 1ll>, std::ratio<0ll, 1ll>, std::ratio<0ll, 1ll> >, std::ratio<0ll, 1ll>, std::ratio<0ll, 1ll> >, float, units::linear_scale>::unit_t<>(float)
 .text._ZN5unitsL7convertINS_4unitISt5ratioILx1ELx1EENS_9base_unitIS2_ILx0ELx1EES5_S2_ILxn1ELx1EES5_S5_S5_S5_S5_S5_EES5_S5_EES8_fEET1_RKS9_
                0x000000000000450c       0x1c /mnt/c/SJSU-Dev2/library/static_libraries/lpc40xx/liblpc40xx.a(startup.cpp.o)
 .text._ZN5units6detailL7convertINS_4unitISt5ratioILx1ELx1EENS_9base_unitIS3_ILx0ELx1EES6_S3_ILxn1ELx1EES6_S6_S6_S6_S6_S6_EES6_S6_EES9_S4_S6_S6_fEET4_RKSA_St17integral_constantIbLb1EESD_IbLb0EESF_
                0x0000000000004528       0x24 /mnt/c/SJSU-Dev2/library/static_libraries/lpc40xx/liblpc40xx.a(startup.cpp.o)
 .text._ZNK5units6unit_tINS_4unitISt5ratioILx1ELx1EENS_9base_unitIS2_ILx0ELx1EES5_S2_ILxn1ELx1EES5_S5_S5_S5_S5_S5_EES5_S5_EEfNS_12linear_scaleEEleIS8_fS9_EEbRKNS0_IT_T0_T1_EE
                0x000000000000454c       0x3c /mnt/c/SJSU-Dev2/library/static_libraries/lpc40xx/liblpc40xx.a(startup.cpp.o)
                0x000000000000454c                bool units::unit_t<units::unit<std::ratio<1ll, 1ll>, units::base_unit<std::ratio<0ll, 1ll>, std::ratio<0ll, 1ll>, std::ratio<-1ll, 1ll>, std::ratio<0ll, 1ll>, std::ratio<0ll, 1ll>, std::ratio<0ll, 1ll>, std::ratio<0ll, 1ll>, std::ratio<0ll, 1ll>, std::ratio<0ll, 1ll> >, std::ratio<0ll, 1ll>, std::ratio<0ll, 1ll> >, float, units::linear_scale>::operator<=<units::unit<std::ratio<1ll, 1ll>, units::base_unit<std::ratio<0ll, 1ll>, std::ratio<0ll, 1ll>, std::ratio<-1ll, 1ll>, std::ratio<0ll, 1ll>, std::ratio<0ll, 1ll>, std::ratio<0ll, 1ll>, std::ratio<0ll, 1ll>, std::ratio<0ll, 1ll>, std::ratio<0ll, 1ll> >, std::ratio<0ll, 1ll>, std::ratio<0ll, 1ll> >, float, units::linear_scale>(units::unit_t<units::unit<std::ratio<1ll, 1ll>, units::base_unit<std::ratio<0ll, 1ll>, std::ratio<0ll, 1ll>, std::ratio<-1ll, 1ll>, std::ratio<0ll, 1ll>, std::ratio<0ll, 1ll>, std::ratio<0ll, 1ll>, std::ratio<0ll, 1ll>, std::ratio<0ll, 1ll>, std::ratio<0ll, 1ll> >, std::ratio<0ll, 1ll>, std::ratio<0ll, 1ll> >, float, units::linear_scale> const&) const
 .text._ZN4sjsu17SetUptimeFunctionESt8functionIFNSt6chrono8durationIxSt5ratioILx1ELx1000000000EEEEvEE
                0x0000000000004588       0x1c /mnt/c/SJSU-Dev2/library/static_libraries/lpc40xx/liblpc40xx.a(startup.cpp.o)
                0x0000000000004588                sjsu::SetUptimeFunction(std::function<std::chrono::duration<long long, std::ratio<1ll, 1000000000ll> > ()>)
 .text._ZN4sjsu16SystemController21SetPlatformControllerEPS0_
                0x00000000000045a4       0x20 /mnt/c/SJSU-Dev2/library/static_libraries/lpc40xx/liblpc40xx.a(startup.cpp.o)
                0x00000000000045a4                sjsu::SystemController::SetPlatformController(sjsu::SystemController*)
 .text._ZN4sjsu16SystemController21GetPlatformControllerEv
                0x00000000000045c4       0x18 /mnt/c/SJSU-Dev2/library/static_libraries/lpc40xx/liblpc40xx.a(startup.cpp.o)
                0x00000000000045c4                sjsu::SystemController::GetPlatformController()
 .text._ZNK4sjsu16SystemController22GetPeripheralFrequencyERKNS0_12PeripheralIDE
                0x00000000000045dc       0x50 /mnt/c/SJSU-Dev2/library/static_libraries/lpc40xx/liblpc40xx.a(startup.cpp.o)
                0x00000000000045dc                sjsu::SystemController::GetPeripheralFrequency(sjsu::SystemController::PeripheralID const&) const
 .text._ZN4sjsu6cortex11SystemTimer18SystemTimerHandlerEv
                0x000000000000462c       0x4c /mnt/c/SJSU-Dev2/library/static_libraries/lpc40xx/liblpc40xx.a(startup.cpp.o)
                0x000000000000462c                sjsu::cortex::SystemTimer::SystemTimerHandler()
 .text._ZNSt6chronomlImxSt5ratioILx1ELx1000000000EEEENS_8durationINSt9enable_ifIXsrSt14is_convertibleIRKT_NSt11common_typeIJT0_S6_EE4typeEE5valueESC_E4typeET1_EES8_RKNS3_ISA_SG_EE
                0x0000000000004678       0x22 /mnt/c/SJSU-Dev2/library/static_libraries/lpc40xx/liblpc40xx.a(startup.cpp.o)
                0x0000000000004678                std::chrono::duration<std::enable_if<std::is_convertible<unsigned long const&, std::common_type<long long, unsigned long>::type>::value, std::common_type<long long, unsigned long>::type>::type, std::ratio<1ll, 1000000000ll> > std::chrono::operator*<unsigned long, long long, std::ratio<1ll, 1000000000ll> >(unsigned long const&, std::chrono::duration<long long, std::ratio<1ll, 1000000000ll> > const&)
 .text._ZNSt6chronomlIxSt5ratioILx1ELx1000000000EEmEENS_8durationINSt9enable_ifIXsrSt14is_convertibleIRKT1_NSt11common_typeIJT_S6_EE4typeEE5valueESC_E4typeET0_EERKNS3_ISA_SG_EES8_
                0x000000000000469a       0x54 /mnt/c/SJSU-Dev2/library/static_libraries/lpc40xx/liblpc40xx.a(startup.cpp.o)
                0x000000000000469a                std::chrono::duration<std::enable_if<std::is_convertible<unsigned long const&, std::common_type<long long, unsigned long>::type>::value, std::common_type<long long, unsigned long>::type>::type, std::ratio<1ll, 1000000000ll> > std::chrono::operator*<long long, std::ratio<1ll, 1000000000ll>, unsigned long>(std::chrono::duration<long long, std::ratio<1ll, 1000000000ll> > const&, unsigned long const&)
 .text._ZNSt6chronodvIxSt5ratioILx1ELx1000000000EEmEENS_8durationINSt9enable_ifIXsrSt14is_convertibleIRKNS4_IXntsrNS_13__is_durationIT1_EE5valueES7_E4typeENSt11common_typeIJT_SA_EE4typeEE5valueESG_E4typeET0_EERKNS3_ISE_SK_EERKS7_
                0x00000000000046ee       0x4a /mnt/c/SJSU-Dev2/library/static_libraries/lpc40xx/liblpc40xx.a(startup.cpp.o)
                0x00000000000046ee                std::chrono::duration<std::enable_if<std::is_convertible<std::enable_if<!std::chrono::__is_duration<unsigned long>::value, unsigned long>::type const&, std::common_type<long long, std::enable_if<!std::chrono::__is_duration<unsigned long>::value, unsigned long>::type>::type>::value, std::common_type<long long, std::enable_if<!std::chrono::__is_duration<unsigned long>::value, unsigned long>::type>::type>::type, std::ratio<1ll, 1000000000ll> > std::chrono::operator/<long long, std::ratio<1ll, 1000000000ll>, unsigned long>(std::chrono::duration<long long, std::ratio<1ll, 1000000000ll> > const&, unsigned long const&)
 .text._ZN4sjsu6cortex11SystemTimer8GetCountEv
                0x0000000000004738       0x78 /mnt/c/SJSU-Dev2/library/static_libraries/lpc40xx/liblpc40xx.a(startup.cpp.o)
                0x0000000000004738                sjsu::cortex::SystemTimer::GetCount()
 .text._ZNK4sjsu6cortex11SystemTimer10InitializeEv
                0x00000000000047b0       0x90 /mnt/c/SJSU-Dev2/library/static_libraries/lpc40xx/liblpc40xx.a(startup.cpp.o)
                0x00000000000047b0                sjsu::cortex::SystemTimer::Initialize() const
 .text._ZNK4sjsu6cortex11SystemTimer11SetCallbackESt8functionIFvvEE
                0x0000000000004840       0x20 /mnt/c/SJSU-Dev2/library/static_libraries/lpc40xx/liblpc40xx.a(startup.cpp.o)
                0x0000000000004840                sjsu::cortex::SystemTimer::SetCallback(std::function<void ()>) const
 .text._ZNK4sjsu6cortex11SystemTimer10StartTimerEv
                0x0000000000004860       0x8c /mnt/c/SJSU-Dev2/library/static_libraries/lpc40xx/liblpc40xx.a(startup.cpp.o)
                0x0000000000004860                sjsu::cortex::SystemTimer::StartTimer() const
 .text._ZN5units9unit_castImNS_6unit_tINS_4unitISt5ratioILx1ELx1EENS_9base_unitIS3_ILx0ELx1EES6_S6_S6_S6_S6_S6_S6_S6_EES6_S6_EEfNS_12linear_scaleEEEvEET_RKT0_
                0x00000000000048ec       0x18 /mnt/c/SJSU-Dev2/library/static_libraries/lpc40xx/liblpc40xx.a(startup.cpp.o)
                0x00000000000048ec                unsigned long units::unit_cast<unsigned long, units::unit_t<units::unit<std::ratio<1ll, 1ll>, units::base_unit<std::ratio<0ll, 1ll>, std::ratio<0ll, 1ll>, std::ratio<0ll, 1ll>, std::ratio<0ll, 1ll>, std::ratio<0ll, 1ll>, std::ratio<0ll, 1ll>, std::ratio<0ll, 1ll>, std::ratio<0ll, 1ll>, std::ratio<0ll, 1ll> >, std::ratio<0ll, 1ll>, std::ratio<0ll, 1ll> >, float, units::linear_scale>, void>(units::unit_t<units::unit<std::ratio<1ll, 1ll>, units::base_unit<std::ratio<0ll, 1ll>, std::ratio<0ll, 1ll>, std::ratio<0ll, 1ll>, std::ratio<0ll, 1ll>, std::ratio<0ll, 1ll>, std::ratio<0ll, 1ll>, std::ratio<0ll, 1ll>, std::ratio<0ll, 1ll>, std::ratio<0ll, 1ll> >, std::ratio<0ll, 1ll>, std::ratio<0ll, 1ll> >, float, units::linear_scale> const&)
 .text._ZNK5units12linear_scaleIfEclEv
                0x0000000000004904       0x1e /mnt/c/SJSU-Dev2/library/static_libraries/lpc40xx/liblpc40xx.a(startup.cpp.o)
                0x0000000000004904                units::linear_scale<float>::operator()() const
 .text._ZN5unitsmiIiLi0EEENS_6unit_tINS_4unitISt5ratioILx1ELx1EENS_9base_unitIS3_ILx0ELx1EES6_S6_S6_S6_S6_S6_S6_S6_EES6_S6_EEfNS_12linear_scaleEEERKSA_T_
                0x0000000000004922       0x3c /mnt/c/SJSU-Dev2/library/static_libraries/lpc40xx/liblpc40xx.a(startup.cpp.o)
                0x0000000000004922                units::unit_t<units::unit<std::ratio<1ll, 1ll>, units::base_unit<std::ratio<0ll, 1ll>, std::ratio<0ll, 1ll>, std::ratio<0ll, 1ll>, std::ratio<0ll, 1ll>, std::ratio<0ll, 1ll>, std::ratio<0ll, 1ll>, std::ratio<0ll, 1ll>, std::ratio<0ll, 1ll>, std::ratio<0ll, 1ll> >, std::ratio<0ll, 1ll>, std::ratio<0ll, 1ll> >, float, units::linear_scale> units::operator-<int, 0>(units::unit_t<units::unit<std::ratio<1ll, 1ll>, units::base_unit<std::ratio<0ll, 1ll>, std::ratio<0ll, 1ll>, std::ratio<0ll, 1ll>, std::ratio<0ll, 1ll>, std::ratio<0ll, 1ll>, std::ratio<0ll, 1ll>, std::ratio<0ll, 1ll>, std::ratio<0ll, 1ll>, std::ratio<0ll, 1ll> >, std::ratio<0ll, 1ll>, std::ratio<0ll, 1ll> >, float, units::linear_scale> const&, int)
 .text._ZN5unitsdvINS_6unit_tINS_4unitISt5ratioILx1ELx1EENS_9base_unitIS3_ILx0ELx1EES6_S3_ILxn1ELx1EES6_S6_S6_S6_S6_S6_EES6_S6_EEfNS_12linear_scaleEEESB_Li0EEENS1_INS2_IS4_NS5_IS6_S6_S6_S6_S6_S6_S6_S6_S6_EES6_S6_EEfSA_EERKT_RKT0_
                0x000000000000495e       0x58 /mnt/c/SJSU-Dev2/library/static_libraries/lpc40xx/liblpc40xx.a(startup.cpp.o)
                0x000000000000495e                units::unit_t<units::unit<std::ratio<1ll, 1ll>, units::base_unit<std::ratio<0ll, 1ll>, std::ratio<0ll, 1ll>, std::ratio<0ll, 1ll>, std::ratio<0ll, 1ll>, std::ratio<0ll, 1ll>, std::ratio<0ll, 1ll>, std::ratio<0ll, 1ll>, std::ratio<0ll, 1ll>, std::ratio<0ll, 1ll> >, std::ratio<0ll, 1ll>, std::ratio<0ll, 1ll> >, float, units::linear_scale> units::operator/<units::unit_t<units::unit<std::ratio<1ll, 1ll>, units::base_unit<std::ratio<0ll, 1ll>, std::ratio<0ll, 1ll>, std::ratio<-1ll, 1ll>, std::ratio<0ll, 1ll>, std::ratio<0ll, 1ll>, std::ratio<0ll, 1ll>, std::ratio<0ll, 1ll>, std::ratio<0ll, 1ll>, std::ratio<0ll, 1ll> >, std::ratio<0ll, 1ll>, std::ratio<0ll, 1ll> >, float, units::linear_scale>, units::unit_t<units::unit<std::ratio<1ll, 1ll>, units::base_unit<std::ratio<0ll, 1ll>, std::ratio<0ll, 1ll>, std::ratio<-1ll, 1ll>, std::ratio<0ll, 1ll>, std::ratio<0ll, 1ll>, std::ratio<0ll, 1ll>, std::ratio<0ll, 1ll>, std::ratio<0ll, 1ll>, std::ratio<0ll, 1ll> >, std::ratio<0ll, 1ll>, std::ratio<0ll, 1ll> >, float, units::linear_scale>, 0>(units::unit_t<units::unit<std::ratio<1ll, 1ll>, units::base_unit<std::ratio<0ll, 1ll>, std::ratio<0ll, 1ll>, std::ratio<-1ll, 1ll>, std::ratio<0ll, 1ll>, std::ratio<0ll, 1ll>, std::ratio<0ll, 1ll>, std::ratio<0ll, 1ll>, std::ratio<0ll, 1ll>, std::ratio<0ll, 1ll> >, std::ratio<0ll, 1ll>, std::ratio<0ll, 1ll> >, float, units::linear_scale> const&, units::unit_t<units::unit<std::ratio<1ll, 1ll>, units::base_unit<std::ratio<0ll, 1ll>, std::ratio<0ll, 1ll>, std::ratio<-1ll, 1ll>, std::ratio<0ll, 1ll>, std::ratio<0ll, 1ll>, std::ratio<0ll, 1ll>, std::ratio<0ll, 1ll>, std::ratio<0ll, 1ll>, std::ratio<0ll, 1ll> >, std::ratio<0ll, 1ll>, std::ratio<0ll, 1ll> >, float, units::linear_scale> const&)
 .text._ZN5units6unit_tINS_4unitISt5ratioILx1ELx1EENS_9base_unitIS2_ILx0ELx1EES5_S5_S5_S5_S5_S5_S5_S5_EES5_S5_EEfNS_12linear_scaleEEC1IJEEEfDpRKT_
                0x00000000000049b6       0x22 /mnt/c/SJSU-Dev2/library/static_libraries/lpc40xx/liblpc40xx.a(startup.cpp.o)
                0x00000000000049b6                units::unit_t<units::unit<std::ratio<1ll, 1ll>, units::base_unit<std::ratio<0ll, 1ll>, std::ratio<0ll, 1ll>, std::ratio<0ll, 1ll>, std::ratio<0ll, 1ll>, std::ratio<0ll, 1ll>, std::ratio<0ll, 1ll>, std::ratio<0ll, 1ll>, std::ratio<0ll, 1ll>, std::ratio<0ll, 1ll> >, std::ratio<0ll, 1ll>, std::ratio<0ll, 1ll> >, float, units::linear_scale>::unit_t<>(float)
 .text._ZN5units9unit_castImNS_6unit_tINS_4unitISt5ratioILx1ELx1EENS_9base_unitIS3_ILx0ELx1EES6_S3_ILxn1ELx1EES6_S6_S6_S6_S6_S6_EES6_S6_EEfNS_12linear_scaleEEEvEET_RKT0_
                0x00000000000049d8       0x18 /mnt/c/SJSU-Dev2/library/static_libraries/lpc40xx/liblpc40xx.a(startup.cpp.o)
                0x00000000000049d8                unsigned long units::unit_cast<unsigned long, units::unit_t<units::unit<std::ratio<1ll, 1ll>, units::base_unit<std::ratio<0ll, 1ll>, std::ratio<0ll, 1ll>, std::ratio<-1ll, 1ll>, std::ratio<0ll, 1ll>, std::ratio<0ll, 1ll>, std::ratio<0ll, 1ll>, std::ratio<0ll, 1ll>, std::ratio<0ll, 1ll>, std::ratio<0ll, 1ll> >, std::ratio<0ll, 1ll>, std::ratio<0ll, 1ll> >, float, units::linear_scale>, void>(units::unit_t<units::unit<std::ratio<1ll, 1ll>, units::base_unit<std::ratio<0ll, 1ll>, std::ratio<0ll, 1ll>, std::ratio<-1ll, 1ll>, std::ratio<0ll, 1ll>, std::ratio<0ll, 1ll>, std::ratio<0ll, 1ll>, std::ratio<0ll, 1ll>, std::ratio<0ll, 1ll>, std::ratio<0ll, 1ll> >, std::ratio<0ll, 1ll>, std::ratio<0ll, 1ll> >, float, units::linear_scale> const&)
 .text._ZNK5units6unit_tINS_4unitISt5ratioILx1ELx1EENS_9base_unitIS2_ILx0ELx1EES5_S2_ILxn1ELx1EES5_S5_S5_S5_S5_S5_EES5_S5_EEfNS_12linear_scaleEEcvT_ImLi0EEEv
                0x00000000000049f0       0x24 /mnt/c/SJSU-Dev2/library/static_libraries/lpc40xx/liblpc40xx.a(startup.cpp.o)
                0x00000000000049f0                units::unit_t<units::unit<std::ratio<1ll, 1ll>, units::base_unit<std::ratio<0ll, 1ll>, std::ratio<0ll, 1ll>, std::ratio<-1ll, 1ll>, std::ratio<0ll, 1ll>, std::ratio<0ll, 1ll>, std::ratio<0ll, 1ll>, std::ratio<0ll, 1ll>, std::ratio<0ll, 1ll>, std::ratio<0ll, 1ll> >, std::ratio<0ll, 1ll>, std::ratio<0ll, 1ll> >, float, units::linear_scale>::operator unsigned long<unsigned long, 0>() const
 .text._ZNK4sjsu6cortex11SystemTimer16SetTickFrequencyEN5units6unit_tINS2_4unitISt5ratioILx1ELx1EENS2_9base_unitIS5_ILx0ELx1EES8_S5_ILxn1ELx1EES8_S8_S8_S8_S8_S8_EES8_S8_EEfNS2_12linear_scaleEEE
                0x0000000000004a14       0xc4 /mnt/c/SJSU-Dev2/library/static_libraries/lpc40xx/liblpc40xx.a(startup.cpp.o)
                0x0000000000004a14                sjsu::cortex::SystemTimer::SetTickFrequency(units::unit_t<units::unit<std::ratio<1ll, 1ll>, units::base_unit<std::ratio<0ll, 1ll>, std::ratio<0ll, 1ll>, std::ratio<-1ll, 1ll>, std::ratio<0ll, 1ll>, std::ratio<0ll, 1ll>, std::ratio<0ll, 1ll>, std::ratio<0ll, 1ll>, std::ratio<0ll, 1ll>, std::ratio<0ll, 1ll> >, std::ratio<0ll, 1ll>, std::ratio<0ll, 1ll> >, float, units::linear_scale>) const
 .text._ZN5unitsL7convertINS_4unitISt5ratioILx1000000ELx1EENS1_IS2_ILx1ELx1EENS_9base_unitIS2_ILx0ELx1EES6_S2_ILxn1ELx1EES6_S6_S6_S6_S6_S6_EES6_S6_EES6_S6_EES9_fEET1_RKSB_
                0x0000000000004ad8       0x1c /mnt/c/SJSU-Dev2/library/static_libraries/lpc40xx/liblpc40xx.a(startup.cpp.o)
 .text._ZN5units6detailL7convertINS_4unitISt5ratioILx1000000ELx1EENS2_IS3_ILx1ELx1EENS_9base_unitIS3_ILx0ELx1EES7_S3_ILxn1ELx1EES7_S7_S7_S7_S7_S7_EES7_S7_EES7_S7_EESA_S4_S7_S7_fEET4_RKSC_St17integral_constantIbLb0EESG_SG_
                0x0000000000004af4       0x30 /mnt/c/SJSU-Dev2/library/static_libraries/lpc40xx/liblpc40xx.a(startup.cpp.o)
 .text._ZNK4sjsu7lpc40xx16SystemController23SetSystemClockFrequencyEN5units6unit_tINS2_4unitISt5ratioILx1000000ELx1EENS4_IS5_ILx1ELx1EENS2_9base_unitIS5_ILx0ELx1EES9_S5_ILxn1ELx1EES9_S9_S9_S9_S9_S9_EES9_S9_EES9_S9_EEfNS2_12linear_scaleEEE
                0x0000000000004b24       0x9c /mnt/c/SJSU-Dev2/library/static_libraries/lpc40xx/liblpc40xx.a(startup.cpp.o)
                0x0000000000004b24                sjsu::lpc40xx::SystemController::SetSystemClockFrequency(units::unit_t<units::unit<std::ratio<1000000ll, 1ll>, units::unit<std::ratio<1ll, 1ll>, units::base_unit<std::ratio<0ll, 1ll>, std::ratio<0ll, 1ll>, std::ratio<-1ll, 1ll>, std::ratio<0ll, 1ll>, std::ratio<0ll, 1ll>, std::ratio<0ll, 1ll>, std::ratio<0ll, 1ll>, std::ratio<0ll, 1ll>, std::ratio<0ll, 1ll> >, std::ratio<0ll, 1ll>, std::ratio<0ll, 1ll> >, std::ratio<0ll, 1ll>, std::ratio<0ll, 1ll> >, float, units::linear_scale>) const
 .text._ZNK4sjsu7lpc40xx16SystemController25SetPeripheralClockDividerERKNS_16SystemController12PeripheralIDEh
                0x0000000000004bc0       0x58 /mnt/c/SJSU-Dev2/library/static_libraries/lpc40xx/liblpc40xx.a(startup.cpp.o)
                0x0000000000004bc0                sjsu::lpc40xx::SystemController::SetPeripheralClockDivider(sjsu::SystemController::PeripheralID const&, unsigned char) const
 .text._ZNK4sjsu7lpc40xx16SystemController25GetPeripheralClockDividerERKNS_16SystemController12PeripheralIDE
                0x0000000000004c18       0x24 /mnt/c/SJSU-Dev2/library/static_libraries/lpc40xx/liblpc40xx.a(startup.cpp.o)
                0x0000000000004c18                sjsu::lpc40xx::SystemController::GetPeripheralClockDivider(sjsu::SystemController::PeripheralID const&) const
 .text._ZNK4sjsu7lpc40xx16SystemController18GetSystemFrequencyEv
                0x0000000000004c3c       0x1c /mnt/c/SJSU-Dev2/library/static_libraries/lpc40xx/liblpc40xx.a(startup.cpp.o)
                0x0000000000004c3c                sjsu::lpc40xx::SystemController::GetSystemFrequency() const
 .text._ZNK4sjsu7lpc40xx16SystemController21IsPeripheralPoweredUpERKNS_16SystemController12PeripheralIDE
                0x0000000000004c58       0x3c /mnt/c/SJSU-Dev2/library/static_libraries/lpc40xx/liblpc40xx.a(startup.cpp.o)
                0x0000000000004c58                sjsu::lpc40xx::SystemController::IsPeripheralPoweredUp(sjsu::SystemController::PeripheralID const&) const
 .text._ZNK4sjsu7lpc40xx16SystemController17PowerUpPeripheralERKNS_16SystemController12PeripheralIDE
                0x0000000000004c94       0x34 /mnt/c/SJSU-Dev2/library/static_libraries/lpc40xx/liblpc40xx.a(startup.cpp.o)
                0x0000000000004c94                sjsu::lpc40xx::SystemController::PowerUpPeripheral(sjsu::SystemController::PeripheralID const&) const
 .text._ZNK4sjsu7lpc40xx16SystemController19PowerDownPeripheralERKNS_16SystemController12PeripheralIDE
                0x0000000000004cc8       0x34 /mnt/c/SJSU-Dev2/library/static_libraries/lpc40xx/liblpc40xx.a(startup.cpp.o)
                0x0000000000004cc8                sjsu::lpc40xx::SystemController::PowerDownPeripheral(sjsu::SystemController::PeripheralID const&) const
 .text._ZNK4sjsu7lpc40xx16SystemController22SelectOscillatorSourceENS1_16OscillatorSourceE
                0x0000000000004cfc       0x48 /mnt/c/SJSU-Dev2/library/static_libraries/lpc40xx/liblpc40xx.a(startup.cpp.o)
                0x0000000000004cfc                sjsu::lpc40xx::SystemController::SelectOscillatorSource(sjsu::lpc40xx::SystemController::OscillatorSource) const
 .text._ZNK4sjsu7lpc40xx16SystemController21SelectMainClockSourceENS1_15MainClockSourceE
                0x0000000000004d44       0x48 /mnt/c/SJSU-Dev2/library/static_libraries/lpc40xx/liblpc40xx.a(startup.cpp.o)
                0x0000000000004d44                sjsu::lpc40xx::SystemController::SelectMainClockSource(sjsu::lpc40xx::SystemController::MainClockSource) const
 .text._ZNK4sjsu7lpc40xx16SystemController20SelectUsbClockSourceENS1_9UsbSourceE
                0x0000000000004d8c       0x48 /mnt/c/SJSU-Dev2/library/static_libraries/lpc40xx/liblpc40xx.a(startup.cpp.o)
                0x0000000000004d8c                sjsu::lpc40xx::SystemController::SelectUsbClockSource(sjsu::lpc40xx::SystemController::UsbSource) const
 .text._ZNK4sjsu7lpc40xx16SystemController22SelectSpifiClockSourceENS1_11SpifiSourceE
                0x0000000000004dd4       0x48 /mnt/c/SJSU-Dev2/library/static_libraries/lpc40xx/liblpc40xx.a(startup.cpp.o)
                0x0000000000004dd4                sjsu::lpc40xx::SystemController::SelectSpifiClockSource(sjsu::lpc40xx::SystemController::SpifiSource) const
 .text._ZNK5units6unit_tINS_4unitISt5ratioILx1000000ELx1EENS1_IS2_ILx1ELx1EENS_9base_unitIS2_ILx0ELx1EES6_S2_ILxn1ELx1EES6_S6_S6_S6_S6_S6_EES6_S6_EES6_S6_EEfNS_12linear_scaleEEltISA_fSB_EEbRKNS0_IT_T0_T1_EE
                0x0000000000004e1c       0x3c /mnt/c/SJSU-Dev2/library/static_libraries/lpc40xx/liblpc40xx.a(startup.cpp.o)
                0x0000000000004e1c                bool units::unit_t<units::unit<std::ratio<1000000ll, 1ll>, units::unit<std::ratio<1ll, 1ll>, units::base_unit<std::ratio<0ll, 1ll>, std::ratio<0ll, 1ll>, std::ratio<-1ll, 1ll>, std::ratio<0ll, 1ll>, std::ratio<0ll, 1ll>, std::ratio<0ll, 1ll>, std::ratio<0ll, 1ll>, std::ratio<0ll, 1ll>, std::ratio<0ll, 1ll> >, std::ratio<0ll, 1ll>, std::ratio<0ll, 1ll> >, std::ratio<0ll, 1ll>, std::ratio<0ll, 1ll> >, float, units::linear_scale>::operator< <units::unit<std::ratio<1000000ll, 1ll>, units::unit<std::ratio<1ll, 1ll>, units::base_unit<std::ratio<0ll, 1ll>, std::ratio<0ll, 1ll>, std::ratio<-1ll, 1ll>, std::ratio<0ll, 1ll>, std::ratio<0ll, 1ll>, std::ratio<0ll, 1ll>, std::ratio<0ll, 1ll>, std::ratio<0ll, 1ll>, std::ratio<0ll, 1ll> >, std::ratio<0ll, 1ll>, std::ratio<0ll, 1ll> >, std::ratio<0ll, 1ll>, std::ratio<0ll, 1ll> >, float, units::linear_scale>(units::unit_t<units::unit<std::ratio<1000000ll, 1ll>, units::unit<std::ratio<1ll, 1ll>, units::base_unit<std::ratio<0ll, 1ll>, std::ratio<0ll, 1ll>, std::ratio<-1ll, 1ll>, std::ratio<0ll, 1ll>, std::ratio<0ll, 1ll>, std::ratio<0ll, 1ll>, std::ratio<0ll, 1ll>, std::ratio<0ll, 1ll>, std::ratio<0ll, 1ll> >, std::ratio<0ll, 1ll>, std::ratio<0ll, 1ll> >, std::ratio<0ll, 1ll>, std::ratio<0ll, 1ll> >, float, units::linear_scale> const&) const
 .text._ZNK5units6unit_tINS_4unitISt5ratioILx1000000ELx1EENS1_IS2_ILx1ELx1EENS_9base_unitIS2_ILx0ELx1EES6_S2_ILxn1ELx1EES6_S6_S6_S6_S6_S6_EES6_S6_EES6_S6_EEfNS_12linear_scaleEEgtISA_fSB_EEbRKNS0_IT_T0_T1_EE
                0x0000000000004e58       0x3c /mnt/c/SJSU-Dev2/library/static_libraries/lpc40xx/liblpc40xx.a(startup.cpp.o)